<html>
<body>
<pre>
<h1>µVision Build Log</h1>
<h2>Tool Versions:</h2>
IDE-Version: £gVision V5.28.0.0
Copyright (C) 2019 ARM Ltd and ARM Germany GmbH. All rights reserved.
License Information: fff ggg, hhh, LIC=SDA0P-M9GZ2-FWU2N-Y76ZM-HFE8A-2YIDE
 
Tool Versions:
Toolchain:       MDK-ARM Plus  Version: 5.28.0.0
Toolchain Path:  C:\Keil_v5\ARM\ARMCLANG\Bin
C Compiler:      ArmClang.exe V6.12
Assembler:       Armasm.exe V6.12
Linker/Locator:  ArmLink.exe V6.12
Library Manager: ArmAr.exe V6.12
Hex Converter:   FromElf.exe V6.12
CPU DLL:         SARMCM3.DLL V5.28.0.0
Dialog DLL:      DARMCM1.DLL V1.19.2.0
Target DLL:      Segger\JL2CM3.dll V2.99.36.0
Dialog DLL:      TARMCM1.DLL V1.14.1.0
 
<h2>Project:</h2>
C:\Users\living\code\DA145xx_SDK_HOOK\6.0.22.1401\projects\target_apps\ble_examples\ble_app_peripheral\Keil_5\ble_app_peripheral.uvprojx
Project File Date:  05/22/2024

<h2>Output:</h2>
*** Using Compiler 'V6.12', folder: 'C:\Keil_v5\ARM\ARMCLANG\Bin'
Build target 'DA14531'
assembling startup_DA14531.s...
compiling nmi_handler.c...
compiling system_DA14531.c...
compiling arch_console.c...
compiling hardfault_handler.c...
compiling nvds.c...
compiling jump_table.c...
compiling arch_system.c...
compiling arch_hibernation.c...
compiling arch_rom.c...
compiling chacha20.c...
compiling hash.c...
compiling arch_sleep.c...
compiling system_library_531.c...
compiling system_library_531_01.c...
compiling system_library_535.c...
compiling otp_cs.c...
compiling otp_hdr.c...
compiling syscntl.c...
compiling gpio.c...
compiling wkupct_quadec.c...
compiling battery.c...
compiling system_library_585_586.c...
compiling adc_531.c...
compiling spi_531.c...
compiling arch_main.c...
compiling spi_flash.c...
compiling i2c.c...
compiling i2c_eeprom.c...
compiling hw_otpc_531.c...
compiling uart.c...
compiling trng.c...
compiling rf_585.c...
compiling rwble.c...
compiling rf_531.c...
compiling ble_arp.c...
compiling ble_arp_fpga.c...
compiling attm_db_128.c...
compiling prf_utils.c...
compiling custom_common.c...
compiling diss.c...
compiling diss_task.c...
compiling custs1.c...
compiling custs1_task.c...
compiling prf.c...
compiling app_default_handlers.c...
compiling app.c...
compiling app_task.c...
compiling dma.c...
compiling app_security_task.c...
compiling rwip.c...
compiling app_bass.c...
compiling app_findme.c...
compiling app_bass_task.c...
compiling app_security.c...
compiling app_findme_task.c...
compiling app_proxr.c...
compiling app_diss_task.c...
compiling app_suotar.c...
compiling app_entry_point.c...
compiling app_suotar_task.c...
compiling app_msg_utils.c...
compiling app_diss.c...
compiling app_easy_msg_utils.c...
compiling app_proxr_task.c...
compiling app_easy_timer.c...
compiling app_customs.c...
compiling app_customs_common.c...
compiling app_bond_db.c...
compiling app_utils.c...
compiling user_custs_config.c...
compiling app_easy_whitelist.c...
compiling user_custs1_def.c...
compiling user_periph_setup.c...
compiling fpga.c...
compiling user_custs1_impl.c...
compiling user_peripheral.c...
compiling app_customs_task.c...
compiling app_easy_security.c...
linking...
Program Size: Code=16088 RO-data=2920 RW-data=12 ZI-data=8056  
FromELF: creating hex file...
After Build - User command #1: fromelf --bincombined --output=".\out_DA14531\Objects\ble_app_peripheral_531.bin"  ".\out_DA14531\Objects\ble_app_peripheral_531.axf"
".\out_DA14531\Objects\ble_app_peripheral_531.axf" - 0 Error(s), 0 Warning(s).

<h2>Software Packages used:</h2>

Package Vendor: ARM
                http://www.keil.com/pack/ARM.CMSIS.5.5.1.pack
                ARM.CMSIS.5.5.1
                CMSIS (Cortex Microcontroller Software Interface Standard)

<h2>Collection of Component include folders:</h2>
  .\RTE\_DA14531
  C:\Users\living\AppData\Local\Arm\Packs\ARM\CMSIS\5.5.1\Device\ARM\ARMCM0plus\Include

<h2>Collection of Component Files used:</h2>
Build Time Elapsed:  00:00:59
</pre>
</body>
</html>
