<!doctype html public "-//w3c//dtd html 4.0 transitional//en">
<html><head>
<title>Static Call Graph - [.\out_DA14531\Objects\ble_app_sleepmode_531.axf]</title></head>
<body><HR>
<H1>Static Call Graph for image .\out_DA14531\Objects\ble_app_sleepmode_531.axf</H1><HR>
<BR><P>#&#060CALLGRAPH&#062# ARM Linker, 6120001: Last Updated: Wed May 22 06:26:48 2024
<BR><P>
<H3>Maximum Stack Usage =        240 bytes + Unknown(Cycles, Untraceable Function Pointers)</H3><H3>
Call chain for Maximum Stack Depth:</H3>
main &rArr; rf_recalibration &rArr; rf_ldo_calibration &rArr; _ldo_radio_calibration
<P>
<H3>
Mutually Recursive functions
</H3> <LI><a href="#[3]">SVC_Handler</a>&nbsp;&nbsp;&nbsp;&rArr;&nbsp;&nbsp;&nbsp;<a href="#[3]">SVC_Handler</a><BR>
 <LI><a href="#[4]">PendSV_Handler</a>&nbsp;&nbsp;&nbsp;&rArr;&nbsp;&nbsp;&nbsp;<a href="#[4]">PendSV_Handler</a><BR>
 <LI><a href="#[5]">SysTick_Handler</a>&nbsp;&nbsp;&nbsp;&rArr;&nbsp;&nbsp;&nbsp;<a href="#[5]">SysTick_Handler</a><BR>
 <LI><a href="#[19]">DMA_Handler</a>&nbsp;&nbsp;&nbsp;&rArr;&nbsp;&nbsp;&nbsp;<a href="#[19]">DMA_Handler</a><BR>
</UL>
<P>
<H3>
Function Pointers
</H3><UL>
 <LI><a href="#[c]">ADC_Handler</a> from lto-llvm-f19807.o(.text.ADC_Handler) referenced from startup_da14531.o(RESET)
 <LI><a href="#[e]">BLE_RF_DIAG_Handler</a> from lto-llvm-f19807.o(.text.BLE_RF_DIAG_Handler) referenced from startup_da14531.o(RESET)
 <LI><a href="#[6]">BLE_WAKEUP_LP_Handler</a> from lto-llvm-f19807.o(.text.BLE_WAKEUP_LP_Handler) referenced from startup_da14531.o(RESET)
 <LI><a href="#[19]">DMA_Handler</a> from startup_da14531.o(.text) referenced from startup_da14531.o(RESET)
 <LI><a href="#[10]">GPIO0_Handler</a> from lto-llvm-f19807.o(.text.GPIO0_Handler) referenced from startup_da14531.o(RESET)
 <LI><a href="#[11]">GPIO1_Handler</a> from lto-llvm-f19807.o(.text.GPIO1_Handler) referenced from startup_da14531.o(RESET)
 <LI><a href="#[12]">GPIO2_Handler</a> from lto-llvm-f19807.o(.text.GPIO2_Handler) referenced from startup_da14531.o(RESET)
 <LI><a href="#[13]">GPIO3_Handler</a> from lto-llvm-f19807.o(.text.GPIO3_Handler) referenced from startup_da14531.o(RESET)
 <LI><a href="#[14]">GPIO4_Handler</a> from lto-llvm-f19807.o(.text.GPIO4_Handler) referenced from startup_da14531.o(RESET)
 <LI><a href="#[25]">GPIO_ConfigurePin</a> from lto-llvm-f19807.o(.text.GPIO_ConfigurePin) referenced from lto-llvm-f19807.o(.text.periph_init)
 <LI><a href="#[2]">HardFault_Handler</a> from startup_da14531.o(.text) referenced from startup_da14531.o(RESET)
 <LI><a href="#[22]">HardFault_HandlerC</a> from lto-llvm-f19807.o(.text.HardFault_HandlerC) referenced from startup_da14531.o(.text)
 <LI><a href="#[a]">I2C_Handler</a> from lto-llvm-f19807.o(.text.I2C_Handler) referenced from startup_da14531.o(RESET)
 <LI><a href="#[9c]">JT_l2cc_pdu_recv_ind_handler_func</a> from patch_1.o(.text) referenced from lto-llvm-f19807.o(.rodata.rom_func_addr_table_var)
 <LI><a href="#[99]">JT_l2cc_pdu_unpack_func</a> from patch_1.o(.text) referenced from lto-llvm-f19807.o(.rodata.rom_func_addr_table_var)
 <LI><a href="#[8c]">JT_lld_test_mode_rx_func</a> from patch_1.o(.text) referenced from lto-llvm-f19807.o(.rodata.rom_func_addr_table_var)
 <LI><a href="#[d]">KEYBRD_Handler</a> from startup_da14531.o(.text) referenced from startup_da14531.o(RESET)
 <LI><a href="#[1]">NMI_Handler</a> from startup_da14531.o(.text) referenced from startup_da14531.o(RESET)
 <LI><a href="#[21]">NMI_HandlerC</a> from lto-llvm-f19807.o(.text.NMI_HandlerC) referenced from startup_da14531.o(.text)
 <LI><a href="#[57]">PATCHED_llc_data_ind_handler</a> from patch_1.o(.text) referenced from lto-llvm-f19807.o(.rodata.my_custom_msg_handlers)
 <LI><a href="#[58]">PATCHED_lld_data_ind_handler</a> from patch_1.o(.text) referenced from lto-llvm-f19807.o(.rodata.my_custom_msg_handlers)
 <LI><a href="#[59]">PATCHED_llm_con_req_ind</a> from patch_1.o(.text) referenced from lto-llvm-f19807.o(.rodata.patch_new_table)
 <LI><a href="#[5a]">PATCHED_smpc_recv_pair_rand_pdu</a> from patch_1.o(.text) referenced from lto-llvm-f19807.o(.rodata.patch_new_table)
 <LI><a href="#[5b]">PATCHED_smpc_recv_public_key_exchange_pdu</a> from patch_1.o(.text) referenced from lto-llvm-f19807.o(.rodata.patch_new_table)
 <LI><a href="#[a2]">PK_PointMult_func</a> from da14531_symbols.txt(ABSOLUTE) referenced from lto-llvm-f19807.o(.rodata.rom_func_addr_table_var)
 <LI><a href="#[4]">PendSV_Handler</a> from startup_da14531.o(.text) referenced from startup_da14531.o(RESET)
 <LI><a href="#[2f]">RADIOCNTL_Handler</a> from lto-llvm-f19807.o(.text.RADIOCNTL_Handler) referenced from lto-llvm-f19807.o(.text.rf_init_func)
 <LI><a href="#[1b]">RESERVED21_Handler</a> from startup_da14531.o(.text) referenced from startup_da14531.o(RESET)
 <LI><a href="#[1c]">RESERVED22_Handler</a> from startup_da14531.o(.text) referenced from startup_da14531.o(RESET)
 <LI><a href="#[1d]">RESERVED23_Handler</a> from startup_da14531.o(.text) referenced from startup_da14531.o(RESET)
 <LI><a href="#[f]">RFCAL_Handler</a> from startup_da14531.o(.text) referenced from startup_da14531.o(RESET)
 <LI><a href="#[18]">RTC_Handler</a> from startup_da14531.o(.text) referenced from startup_da14531.o(RESET)
 <LI><a href="#[0]">Reset_Handler</a> from startup_da14531.o(.text) referenced from startup_da14531.o(RESET)
 <LI><a href="#[b]">SPI_Handler</a> from startup_da14531.o(.text) referenced from startup_da14531.o(RESET)
 <LI><a href="#[3]">SVC_Handler</a> from startup_da14531.o(.text) referenced from startup_da14531.o(RESET)
 <LI><a href="#[17]">SWTIM1_Handler</a> from startup_da14531.o(.text) referenced from startup_da14531.o(RESET)
 <LI><a href="#[15]">SWTIM_Handler</a> from lto-llvm-f19807.o(.text.SWTIM_Handler) referenced from startup_da14531.o(RESET)
 <LI><a href="#[5]">SysTick_Handler</a> from startup_da14531.o(.text) referenced from startup_da14531.o(RESET)
 <LI><a href="#[1f]">SystemInit</a> from lto-llvm-f19807.o(system_DA14xxx) referenced from startup_da14531.o(.text)
 <LI><a href="#[9]">UART2_Handler</a> from lto-llvm-f19807.o(.text.UART2_Handler) referenced from startup_da14531.o(RESET)
 <LI><a href="#[8]">UART_Handler</a> from da14531_symbols.txt(ABSOLUTE) referenced from startup_da14531.o(RESET)
 <LI><a href="#[6d]">UART_Handler_func</a> from da14531_symbols.txt(ABSOLUTE) referenced from lto-llvm-f19807.o(.rodata.rom_func_addr_table_var)
 <LI><a href="#[16]">WKUP_QUADEC_Handler</a> from lto-llvm-f19807.o(.text.WKUP_QUADEC_Handler) referenced from startup_da14531.o(RESET)
 <LI><a href="#[1a]">XTAL32M_RDY_Handler</a> from startup_da14531.o(.text) referenced from startup_da14531.o(RESET)
 <LI><a href="#[2a]">_WAIT10</a> from common.o(.text) referenced from lto-llvm-f19807.o(.text.rf_calibration)
 <LI><a href="#[28]">_WAIT400</a> from common.o(.text) referenced from lto-llvm-f19807.o(.text.rf_calibration)
 <LI><a href="#[20]">__main</a> from entry.o(.ARM.Collect$$$$00000000) referenced from startup_da14531.o(.text)
 <LI><a href="#[33]">adv_data_update_timer_cb</a> from lto-llvm-f19807.o(.text.adv_data_update_timer_cb) referenced from lto-llvm-f19807.o(.text.user_app_adv_start)
 <LI><a href="#[35]">app_button_press_cb</a> from lto-llvm-f19807.o(.text.app_button_press_cb) referenced from lto-llvm-f19807.o(.text.user_app_adv_undirect_complete)
 <LI><a href="#[4d]">app_custs1_create_db</a> from lto-llvm-f19807.o(.text.app_custs1_create_db) referenced from lto-llvm-f19807.o(.rodata.cust_prf_funcs)
 <LI><a href="#[4c]">app_custs1_process_handler</a> from lto-llvm-f19807.o(.text.app_custs1_process_handler) referenced from lto-llvm-f19807.o(.rodata.app_process_handlers)
 <LI><a href="#[62]">app_db_init_next</a> from lto-llvm-f19807.o(.text.app_db_init_next) referenced from lto-llvm-f19807.o(.rodata.rom_app_task_cfg)
 <LI><a href="#[4b]">app_diss_process_handler</a> from lto-llvm-f19807.o(.text.app_diss_process_handler) referenced from lto-llvm-f19807.o(.rodata.app_process_handlers)
 <LI><a href="#[61]">app_easy_gap_dev_configure</a> from lto-llvm-f19807.o(.text.app_easy_gap_dev_configure) referenced from lto-llvm-f19807.o(.rodata.rom_app_task_cfg)
 <LI><a href="#[48]">app_gap_process_handler</a> from lto-llvm-f19807.o(.text.app_gap_process_handler) referenced from lto-llvm-f19807.o(.rodata.app_process_handlers)
 <LI><a href="#[4a]">app_msg_utils_api_process_handler</a> from lto-llvm-f19807.o(.text.app_msg_utils_api_process_handler) referenced from lto-llvm-f19807.o(.rodata.app_process_handlers)
 <LI><a href="#[49]">app_timer_api_process_handler</a> from lto-llvm-f19807.o(.text.app_timer_api_process_handler) referenced from lto-llvm-f19807.o(.rodata.app_process_handlers)
 <LI><a href="#[34]">app_wakeup_cb</a> from lto-llvm-f19807.o(.text.app_wakeup_cb) referenced from lto-llvm-f19807.o(.text.user_app_adv_undirect_complete)
 <LI><a href="#[9f]">attc_l2cc_pdu_recv_handler_func</a> from da14531_symbols.txt(ABSOLUTE) referenced from lto-llvm-f19807.o(.rodata.rom_func_addr_table_var)
 <LI><a href="#[9e]">atts_l2cc_pdu_recv_handler_func</a> from da14531_symbols.txt(ABSOLUTE) referenced from lto-llvm-f19807.o(.rodata.rom_func_addr_table_var)
 <LI><a href="#[ad]">ba431_get_rand_func</a> from lto-llvm-f19807.o(.text.ba431_get_rand_func) referenced from lto-llvm-f19807.o(.rodata.rom_func_addr_table_var)
 <LI><a href="#[b1]">ble_init_arp_func</a> from lto-llvm-f19807.o(.text.ble_init_arp_func) referenced from lto-llvm-f19807.o(.rodata.rom_func_addr_table_var)
 <LI><a href="#[a0]">crypto_init_func</a> from lto-llvm-f19807.o(.text.crypto_init_func) referenced from lto-llvm-f19807.o(.rodata.rom_func_addr_table_var)
 <LI><a href="#[55]">custs1_att_info_rsp_handler</a> from da14531_symbols.txt(ABSOLUTE) referenced from lto-llvm-f19807.o(.rodata.custs1_default_state)
 <LI><a href="#[60]">custs1_prf_itf_get</a> from da14531_symbols.txt(ABSOLUTE) referenced from lto-llvm-f19807.o(.rodata.prf_if)
 <LI><a href="#[54]">custs1_val_ind_req_handler</a> from da14531_symbols.txt(ABSOLUTE) referenced from lto-llvm-f19807.o(.rodata.custs1_default_state)
 <LI><a href="#[52]">custs1_val_ntf_req_handler</a> from da14531_symbols.txt(ABSOLUTE) referenced from lto-llvm-f19807.o(.rodata.custs1_default_state)
 <LI><a href="#[53]">custs1_val_set_req_handler</a> from da14531_symbols.txt(ABSOLUTE) referenced from lto-llvm-f19807.o(.rodata.custs1_default_state)
 <LI><a href="#[56]">custs1_value_req_rsp_handler</a> from lto-llvm-f19807.o(.text.custs1_value_req_rsp_handler) referenced from lto-llvm-f19807.o(.rodata.custs1_default_state)
 <LI><a href="#[64]">custs_get_func_callbacks</a> from lto-llvm-f19807.o(.text.custs_get_func_callbacks) referenced from lto-llvm-f19807.o(.rodata.rom_cust_prf_cfg)
 <LI><a href="#[95]">dbg_init_func_empty</a> from lto-llvm-f19807.o(.text.dbg_init_func_empty) referenced from lto-llvm-f19807.o(.rodata.rom_func_addr_table_var)
 <LI><a href="#[96]">dbg_platform_reset_complete_func_empty</a> from lto-llvm-f19807.o(.text.dbg_platform_reset_complete_func_empty) referenced from lto-llvm-f19807.o(.rodata.rom_func_addr_table_var)
 <LI><a href="#[bc]">default_app_generate_static_random_addr</a> from lto-llvm-f19807.o(.text.default_app_generate_static_random_addr) referenced from lto-llvm-f19807.o(.rodata.user_app_callbacks)
 <LI><a href="#[b6]">default_app_on_db_init_complete</a> from lto-llvm-f19807.o(.text.default_app_on_db_init_complete) referenced from lto-llvm-f19807.o(.rodata.user_app_callbacks)
 <LI><a href="#[b8]">default_app_on_get_dev_appearance</a> from lto-llvm-f19807.o(.text.default_app_on_get_dev_appearance) referenced from lto-llvm-f19807.o(.rodata.user_app_callbacks)
 <LI><a href="#[b7]">default_app_on_get_dev_name</a> from lto-llvm-f19807.o(.text.default_app_on_get_dev_name) referenced from lto-llvm-f19807.o(.rodata.user_app_callbacks)
 <LI><a href="#[b9]">default_app_on_get_dev_slv_pref_params</a> from lto-llvm-f19807.o(.text.default_app_on_get_dev_slv_pref_params) referenced from lto-llvm-f19807.o(.rodata.user_app_callbacks)
 <LI><a href="#[b4]">default_app_on_set_dev_config_complete</a> from lto-llvm-f19807.o(.text.default_app_on_set_dev_config_complete) referenced from lto-llvm-f19807.o(.rodata.user_app_callbacks)
 <LI><a href="#[ba]">default_app_on_set_dev_info</a> from lto-llvm-f19807.o(.text.default_app_on_set_dev_info) referenced from lto-llvm-f19807.o(.rodata.user_app_callbacks)
 <LI><a href="#[bb]">default_app_update_params_request</a> from lto-llvm-f19807.o(.text.default_app_update_params_request) referenced from lto-llvm-f19807.o(.rodata.user_app_callbacks)
 <LI><a href="#[ab]">dia_rand_func</a> from lto-llvm-f19807.o(.text.dia_rand_func) referenced from lto-llvm-f19807.o(.rodata.rom_func_addr_table_var)
 <LI><a href="#[ac]">dia_srand_func</a> from lto-llvm-f19807.o(.text.dia_srand_func) referenced from lto-llvm-f19807.o(.rodata.rom_func_addr_table_var)
 <LI><a href="#[29]">dis_adpll</a> from lto-llvm-f19807.o(.text.dis_adpll) referenced from lto-llvm-f19807.o(.text.rf_calibration)
 <LI><a href="#[26]">dis_hclk</a> from lto-llvm-f19807.o(.text.dis_hclk) referenced from lto-llvm-f19807.o(.text.rf_calibration)
 <LI><a href="#[5f]">diss_prf_itf_get</a> from da14531_symbols.txt(ABSOLUTE) referenced from lto-llvm-f19807.o(.rodata.prf_if)
 <LI><a href="#[39]">diss_value_req_ind_handler</a> from lto-llvm-f19807.o(.text.diss_value_req_ind_handler) referenced from lto-llvm-f19807.o(.rodata.app_diss_process_handlers)
 <LI><a href="#[27]">en_adpll_tx</a> from lto-llvm-f19807.o(.text.en_adpll_tx) referenced from lto-llvm-f19807.o(.text.rf_calibration)
 <LI><a href="#[3c]">gapc_cmp_evt_handler</a> from lto-llvm-f19807.o(.text.gapc_cmp_evt_handler) referenced from lto-llvm-f19807.o(.rodata.app_gap_process_handlers)
 <LI><a href="#[3d]">gapc_connection_req_ind_handler</a> from lto-llvm-f19807.o(.text.gapc_connection_req_ind_handler) referenced from lto-llvm-f19807.o(.rodata.app_gap_process_handlers)
 <LI><a href="#[3e]">gapc_disconnect_ind_handler</a> from lto-llvm-f19807.o(.text.gapc_disconnect_ind_handler) referenced from lto-llvm-f19807.o(.rodata.app_gap_process_handlers)
 <LI><a href="#[3f]">gapc_get_dev_info_req_ind_handler</a> from lto-llvm-f19807.o(.text.gapc_get_dev_info_req_ind_handler) referenced from lto-llvm-f19807.o(.rodata.app_gap_process_handlers)
 <LI><a href="#[44]">gapc_le_pkt_size_ind_handler_ROM</a> from da14531_symbols.txt(ABSOLUTE) referenced from lto-llvm-f19807.o(.rodata.app_gap_process_handlers)
 <LI><a href="#[9d]">gapc_lecb_connect_cfm_handler_func</a> from da14531_symbols.txt(ABSOLUTE) referenced from lto-llvm-f19807.o(.rodata.rom_func_addr_table_var)
 <LI><a href="#[43]">gapc_param_update_req_ind_handler_ROM</a> from da14531_symbols.txt(ABSOLUTE) referenced from lto-llvm-f19807.o(.rodata.app_gap_process_handlers)
 <LI><a href="#[46]">gapc_peer_features_ind_handler_ROM</a> from da14531_symbols.txt(ABSOLUTE) referenced from lto-llvm-f19807.o(.rodata.app_gap_process_handlers)
 <LI><a href="#[47]">gapc_security_ind_handler_ROM</a> from da14531_symbols.txt(ABSOLUTE) referenced from lto-llvm-f19807.o(.rodata.app_gap_process_handlers)
 <LI><a href="#[40]">gapc_set_dev_info_req_ind_handler_ROM</a> from da14531_symbols.txt(ABSOLUTE) referenced from lto-llvm-f19807.o(.rodata.app_gap_process_handlers)
 <LI><a href="#[42]">gapm_adv_report_ind_handler_ROM</a> from da14531_symbols.txt(ABSOLUTE) referenced from lto-llvm-f19807.o(.rodata.app_gap_process_handlers)
 <LI><a href="#[3b]">gapm_cmp_evt_handler</a> from lto-llvm-f19807.o(.text.gapm_cmp_evt_handler) referenced from lto-llvm-f19807.o(.rodata.app_gap_process_handlers)
 <LI><a href="#[3a]">gapm_device_ready_ind_handler</a> from lto-llvm-f19807.o(.text.gapm_device_ready_ind_handler) referenced from lto-llvm-f19807.o(.rodata.app_gap_process_handlers)
 <LI><a href="#[41]">gapm_profile_added_ind_handler_ROM</a> from da14531_symbols.txt(ABSOLUTE) referenced from lto-llvm-f19807.o(.rodata.app_gap_process_handlers)
 <LI><a href="#[50]">gattc_att_info_req_ind_handler</a> from da14531_symbols.txt(ABSOLUTE) referenced from lto-llvm-f19807.o(.rodata.custs1_default_state)
 <LI><a href="#[51]">gattc_cmp_evt_handler</a> from da14531_symbols.txt(ABSOLUTE) referenced from lto-llvm-f19807.o(.rodata.custs1_default_state)
 <LI><a href="#[4e]">gattc_read_req_ind_handler</a> from da14531_symbols.txt(ABSOLUTE) referenced from lto-llvm-f19807.o(.rodata.custs1_default_state)
 <LI><a href="#[45]">gattc_svc_changed_cfg_ind_handler_ROM</a> from da14531_symbols.txt(ABSOLUTE) referenced from lto-llvm-f19807.o(.rodata.app_gap_process_handlers)
 <LI><a href="#[4f]">gattc_write_req_ind_handler</a> from lto-llvm-f19807.o(.text.gattc_write_req_ind_handler) referenced from lto-llvm-f19807.o(.rodata.custs1_default_state)
 <LI><a href="#[6f]">gtl_eif_init_func</a> from da14531_symbols.txt(ABSOLUTE) referenced from lto-llvm-f19807.o(.rodata.rom_func_addr_table_var)
 <LI><a href="#[71]">gtl_eif_read_hdr_func</a> from da14531_symbols.txt(ABSOLUTE) referenced from lto-llvm-f19807.o(.rodata.rom_func_addr_table_var)
 <LI><a href="#[72]">gtl_eif_read_payl_func</a> from da14531_symbols.txt(ABSOLUTE) referenced from lto-llvm-f19807.o(.rodata.rom_func_addr_table_var)
 <LI><a href="#[70]">gtl_eif_read_start_func</a> from da14531_symbols.txt(ABSOLUTE) referenced from lto-llvm-f19807.o(.rodata.rom_func_addr_table_var)
 <LI><a href="#[74]">gtl_eif_rx_done_func</a> from da14531_symbols.txt(ABSOLUTE) referenced from lto-llvm-f19807.o(.rodata.rom_func_addr_table_var)
 <LI><a href="#[73]">gtl_eif_tx_done_func</a> from da14531_symbols.txt(ABSOLUTE) referenced from lto-llvm-f19807.o(.rodata.rom_func_addr_table_var)
 <LI><a href="#[6e]">gtl_init_func</a> from da14531_symbols.txt(ABSOLUTE) referenced from lto-llvm-f19807.o(.rodata.rom_func_addr_table_var)
 <LI><a href="#[75]">h4tl_init_func</a> from da14531_symbols.txt(ABSOLUTE) referenced from lto-llvm-f19807.o(.rodata.rom_func_addr_table_var)
 <LI><a href="#[7a]">h4tl_out_of_sync_func</a> from da14531_symbols.txt(ABSOLUTE) referenced from lto-llvm-f19807.o(.rodata.rom_func_addr_table_var)
 <LI><a href="#[77]">h4tl_read_hdr_func</a> from da14531_symbols.txt(ABSOLUTE) referenced from lto-llvm-f19807.o(.rodata.rom_func_addr_table_var)
 <LI><a href="#[79]">h4tl_read_next_out_of_sync_func</a> from da14531_symbols.txt(ABSOLUTE) referenced from lto-llvm-f19807.o(.rodata.rom_func_addr_table_var)
 <LI><a href="#[78]">h4tl_read_payl_func</a> from da14531_symbols.txt(ABSOLUTE) referenced from lto-llvm-f19807.o(.rodata.rom_func_addr_table_var)
 <LI><a href="#[76]">h4tl_read_start_func</a> from da14531_symbols.txt(ABSOLUTE) referenced from lto-llvm-f19807.o(.rodata.rom_func_addr_table_var)
 <LI><a href="#[7c]">h4tl_rx_done_func</a> from da14531_symbols.txt(ABSOLUTE) referenced from lto-llvm-f19807.o(.rodata.rom_func_addr_table_var)
 <LI><a href="#[7b]">h4tl_tx_done_func</a> from da14531_symbols.txt(ABSOLUTE) referenced from lto-llvm-f19807.o(.rodata.rom_func_addr_table_var)
 <LI><a href="#[97]">hci_rd_local_supp_feats_cmd_handler_func</a> from da14531_symbols.txt(ABSOLUTE) referenced from lto-llvm-f19807.o(.rodata.rom_func_addr_table_var)
 <LI><a href="#[7d]">ke_task_init_func</a> from da14531_symbols.txt(ABSOLUTE) referenced from lto-llvm-f19807.o(.rodata.rom_func_addr_table_var)
 <LI><a href="#[7e]">ke_timer_init_func</a> from da14531_symbols.txt(ABSOLUTE) referenced from lto-llvm-f19807.o(.rodata.rom_func_addr_table_var)
 <LI><a href="#[9b]">l2c_process_sdu_func</a> from da14531_symbols.txt(ABSOLUTE) referenced from lto-llvm-f19807.o(.rodata.rom_func_addr_table_var)
 <LI><a href="#[9a]">l2c_send_lecb_message_func</a> from da14531_symbols.txt(ABSOLUTE) referenced from lto-llvm-f19807.o(.rodata.rom_func_addr_table_var)
 <LI><a href="#[98]">l2cc_pdu_pack_func</a> from da14531_symbols.txt(ABSOLUTE) referenced from lto-llvm-f19807.o(.rodata.rom_func_addr_table_var)
 <LI><a href="#[a7]">llc_le_length_conn_init_func</a> from da14531_symbols.txt(ABSOLUTE) referenced from lto-llvm-f19807.o(.rodata.rom_func_addr_table_var)
 <LI><a href="#[a6]">llc_le_length_effective_func</a> from da14531_symbols.txt(ABSOLUTE) referenced from lto-llvm-f19807.o(.rodata.rom_func_addr_table_var)
 <LI><a href="#[aa]">llc_pdu_send_func</a> from da14531_symbols.txt(ABSOLUTE) referenced from lto-llvm-f19807.o(.rodata.rom_func_addr_table_var)
 <LI><a href="#[a9]">lld_data_tx_check_func</a> from da14531_symbols.txt(ABSOLUTE) referenced from lto-llvm-f19807.o(.rodata.rom_func_addr_table_var)
 <LI><a href="#[a8]">lld_data_tx_prog_func</a> from da14531_symbols.txt(ABSOLUTE) referenced from lto-llvm-f19807.o(.rodata.rom_func_addr_table_var)
 <LI><a href="#[86]">lld_sleep_compensate_func</a> from lto-llvm-f19807.o(.text.lld_sleep_compensate_func) referenced from lto-llvm-f19807.o(.rodata.rom_func_addr_table_var)
 <LI><a href="#[87]">lld_sleep_init_func</a> from lto-llvm-f19807.o(.text.lld_sleep_init_func) referenced from lto-llvm-f19807.o(.rodata.rom_func_addr_table_var)
 <LI><a href="#[89]">lld_sleep_lpcycles_2_us_sel_func</a> from lto-llvm-f19807.o(.text.lld_sleep_lpcycles_2_us_sel_func) referenced from lto-llvm-f19807.o(.rodata.rom_func_addr_table_var)
 <LI><a href="#[88]">lld_sleep_us_2_lpcycles_sel_func</a> from lto-llvm-f19807.o(.text.lld_sleep_us_2_lpcycles_sel_func) referenced from lto-llvm-f19807.o(.rodata.rom_func_addr_table_var)
 <LI><a href="#[8b]">lld_test_mode_tx_func</a> from da14531_symbols.txt(ABSOLUTE) referenced from lto-llvm-f19807.o(.rodata.rom_func_addr_table_var)
 <LI><a href="#[8a]">lld_test_stop_func</a> from da14531_symbols.txt(ABSOLUTE) referenced from lto-llvm-f19807.o(.rodata.rom_func_addr_table_var)
 <LI><a href="#[5c]">llm_con_req_ind</a> from da14531_symbols.txt(ABSOLUTE) referenced from lto-llvm-f19807.o(.rodata.patch_orig_table)
 <LI><a href="#[a4]">llm_create_p256_key_func</a> from da14531_symbols.txt(ABSOLUTE) referenced from lto-llvm-f19807.o(.rodata.rom_func_addr_table_var)
 <LI><a href="#[7f]">llm_encryption_done_func</a> from da14531_symbols.txt(ABSOLUTE) referenced from lto-llvm-f19807.o(.rodata.rom_func_addr_table_var)
 <LI><a href="#[a1]">llm_le_adv_report_ind_func</a> from da14531_symbols.txt(ABSOLUTE) referenced from lto-llvm-f19807.o(.rodata.rom_func_addr_table_var)
 <LI><a href="#[a5]">llm_p256_req_handler_func</a> from da14531_symbols.txt(ABSOLUTE) referenced from lto-llvm-f19807.o(.rodata.rom_func_addr_table_var)
 <LI><a href="#[a3]">llm_p256_start_func</a> from da14531_symbols.txt(ABSOLUTE) referenced from lto-llvm-f19807.o(.rodata.rom_func_addr_table_var)
 <LI><a href="#[1e]">main</a> from lto-llvm-f19807.o(.text.main) referenced from entry9a.o(.ARM.Collect$$$$0000000B)
 <LI><a href="#[82]">nvds_del_func</a> from da14531_symbols.txt(ABSOLUTE) referenced from lto-llvm-f19807.o(.rodata.rom_func_addr_table_var)
 <LI><a href="#[80]">nvds_get_func</a> from da14531_symbols.txt(ABSOLUTE) referenced from lto-llvm-f19807.o(.rodata.rom_func_addr_table_var)
 <LI><a href="#[83]">nvds_init_func</a> from da14531_symbols.txt(ABSOLUTE) referenced from lto-llvm-f19807.o(.rodata.rom_func_addr_table_var)
 <LI><a href="#[81]">nvds_put_func</a> from da14531_symbols.txt(ABSOLUTE) referenced from lto-llvm-f19807.o(.rodata.rom_func_addr_table_var)
 <LI><a href="#[37]">param_update_request_timer_cb</a> from lto-llvm-f19807.o(.text.param_update_request_timer_cb) referenced from lto-llvm-f19807.o(.text.user_app_connection)
 <LI><a href="#[85]">platform_reset_func</a> from lto-llvm-f19807.o(.text.platform_reset_func) referenced from lto-llvm-f19807.o(.rodata.rom_func_addr_table_var)
 <LI><a href="#[90]">prf_add_profile_func</a> from da14531_symbols.txt(ABSOLUTE) referenced from lto-llvm-f19807.o(.rodata.rom_func_addr_table_var)
 <LI><a href="#[92]">prf_cleanup_func</a> from da14531_symbols.txt(ABSOLUTE) referenced from lto-llvm-f19807.o(.rodata.rom_func_addr_table_var)
 <LI><a href="#[91]">prf_create_func</a> from lto-llvm-f19807.o(.text.prf_create_func) referenced from lto-llvm-f19807.o(.rodata.rom_func_addr_table_var)
 <LI><a href="#[93]">prf_get_id_from_task_func</a> from da14531_symbols.txt(ABSOLUTE) referenced from lto-llvm-f19807.o(.rodata.rom_func_addr_table_var)
 <LI><a href="#[94]">prf_get_task_from_id_func</a> from da14531_symbols.txt(ABSOLUTE) referenced from lto-llvm-f19807.o(.rodata.rom_func_addr_table_var)
 <LI><a href="#[8f]">prf_init_func</a> from lto-llvm-f19807.o(.text.prf_init_func) referenced from lto-llvm-f19807.o(.rodata.rom_func_addr_table_var)
 <LI><a href="#[32]">rf_force_agc_enable</a> from lto-llvm-f19807.o(.text.rf_force_agc_enable) referenced from lto-llvm-f19807.o(.text.rf_init_func)
 <LI><a href="#[65]">rf_init_func</a> from lto-llvm-f19807.o(.text.rf_init_func) referenced from lto-llvm-f19807.o(.rodata.rom_func_addr_table_var)
 <LI><a href="#[2c]">rf_reg_rd</a> from lto-llvm-f19807.o(.text.rf_reg_rd) referenced from lto-llvm-f19807.o(.text.rf_init_func)
 <LI><a href="#[2b]">rf_reg_wr</a> from lto-llvm-f19807.o(.text.rf_reg_wr) referenced from lto-llvm-f19807.o(.text.rf_init_func)
 <LI><a href="#[66]">rf_reinit_func</a> from lto-llvm-f19807.o(.text.rf_reinit_func) referenced from lto-llvm-f19807.o(.rodata.rom_func_addr_table_var)
 <LI><a href="#[30]">rf_reset</a> from lto-llvm-f19807.o(.text.rf_reset) referenced from lto-llvm-f19807.o(.text.rf_init_func)
 <LI><a href="#[31]">rf_rssi_convert</a> from lto-llvm-f19807.o(.text.rf_rssi_convert) referenced from lto-llvm-f19807.o(.text.rf_init_func)
 <LI><a href="#[2e]">rf_sleep</a> from lto-llvm-f19807.o(.text.rf_sleep) referenced from lto-llvm-f19807.o(.text.rf_init_func)
 <LI><a href="#[2d]">rf_txpwr_dbm_get</a> from lto-llvm-f19807.o(.text.rf_txpwr_dbm_get) referenced from lto-llvm-f19807.o(.text.rf_init_func)
 <LI><a href="#[7]">rwble_isr</a> from lto-llvm-f19807.o(.text.rwble_isr) referenced from startup_da14531.o(RESET)
 <LI><a href="#[84]">rwip_eif_get_func</a> from da14531_symbols.txt(ABSOLUTE) referenced from lto-llvm-f19807.o(.rodata.rom_func_addr_table_var)
 <LI><a href="#[8d]">smpc_check_param_func</a> from da14531_symbols.txt(ABSOLUTE) referenced from lto-llvm-f19807.o(.rodata.rom_func_addr_table_var)
 <LI><a href="#[af]">smpc_dhkey_calc_ind_func</a> from da14531_symbols.txt(ABSOLUTE) referenced from lto-llvm-f19807.o(.rodata.rom_func_addr_table_var)
 <LI><a href="#[8e]">smpc_pdu_recv_func</a> from da14531_symbols.txt(ABSOLUTE) referenced from lto-llvm-f19807.o(.rodata.rom_func_addr_table_var)
 <LI><a href="#[ae]">smpc_public_key_exchange_start_func</a> from da14531_symbols.txt(ABSOLUTE) referenced from lto-llvm-f19807.o(.rodata.rom_func_addr_table_var)
 <LI><a href="#[5d]">smpc_recv_pair_rand_pdu</a> from da14531_symbols.txt(ABSOLUTE) referenced from lto-llvm-f19807.o(.rodata.patch_orig_table)
 <LI><a href="#[5e]">smpc_recv_public_key_exchange_pdu</a> from da14531_symbols.txt(ABSOLUTE) referenced from lto-llvm-f19807.o(.rodata.patch_orig_table)
 <LI><a href="#[b0]">smpm_ecdh_key_create_empty_func</a> from lto-llvm-f19807.o(.text.smpm_ecdh_key_create_empty_func) referenced from lto-llvm-f19807.o(.rodata.rom_func_addr_table_var)
 <LI><a href="#[24]">timer_canceled_handler</a> from lto-llvm-f19807.o(.text.timer_canceled_handler) referenced from lto-llvm-f19807.o(.text.app_timer_api_process_handler)
 <LI><a href="#[23]">timer_modified_handler</a> from lto-llvm-f19807.o(.text.timer_modified_handler) referenced from lto-llvm-f19807.o(.text.app_timer_api_process_handler)
 <LI><a href="#[6a]">uart_finish_transfers_func</a> from da14531_symbols.txt(ABSOLUTE) referenced from lto-llvm-f19807.o(.rodata.rom_func_addr_table_var)
 <LI><a href="#[69]">uart_flow_off_func</a> from da14531_symbols.txt(ABSOLUTE) referenced from lto-llvm-f19807.o(.rodata.rom_func_addr_table_var)
 <LI><a href="#[68]">uart_flow_on_func</a> from da14531_symbols.txt(ABSOLUTE) referenced from lto-llvm-f19807.o(.rodata.rom_func_addr_table_var)
 <LI><a href="#[67]">uart_init_func</a> from da14531_symbols.txt(ABSOLUTE) referenced from lto-llvm-f19807.o(.rodata.rom_func_addr_table_var)
 <LI><a href="#[6b]">uart_read_func</a> from da14531_symbols.txt(ABSOLUTE) referenced from lto-llvm-f19807.o(.rodata.rom_func_addr_table_var)
 <LI><a href="#[6c]">uart_write_func</a> from da14531_symbols.txt(ABSOLUTE) referenced from lto-llvm-f19807.o(.rodata.rom_func_addr_table_var)
 <LI><a href="#[b5]">user_app_adv_undirect_complete</a> from lto-llvm-f19807.o(.text.user_app_adv_undirect_complete) referenced from lto-llvm-f19807.o(.rodata.user_app_callbacks)
 <LI><a href="#[36]">user_app_button_press_cb</a> from lto-llvm-f19807.o(.text.user_app_button_press_cb) referenced from lto-llvm-f19807.o(.text.user_app_button_press_cb)
 <LI><a href="#[b2]">user_app_connection</a> from lto-llvm-f19807.o(.text.user_app_connection) referenced from lto-llvm-f19807.o(.rodata.user_app_callbacks)
 <LI><a href="#[b3]">user_app_disconnect</a> from lto-llvm-f19807.o(.text.user_app_disconnect) referenced from lto-llvm-f19807.o(.rodata.user_app_callbacks)
 <LI><a href="#[38]">user_app_pwm_callback_function</a> from lto-llvm-f19807.o(.text.user_app_pwm_callback_function) referenced from lto-llvm-f19807.o(.text.user_catch_rest_hndl)
 <LI><a href="#[63]">user_catch_rest_hndl</a> from lto-llvm-f19807.o(.text.user_catch_rest_hndl) referenced from lto-llvm-f19807.o(.rodata.rom_app_task_cfg)
</UL>
<P>
<H3>
Global Symbols
</H3>
<P><STRONG><a name="[84]"></a>rwip_eif_get_func</STRONG> (Thumb, 0 bytes, Stack size 0 bytes, da14531_symbols.txt(ABSOLUTE), UNUSED)
<BR>[Address Reference Count : 1]<UL><LI> lto-llvm-f19807.o(.rodata.rom_func_addr_table_var)
</UL>
<P><STRONG><a name="[129]"></a>ble_init</STRONG> (Thumb, 0 bytes, Stack size 0 bytes, da14531_symbols.txt(ABSOLUTE))
<BR><BR>[Called By]<UL><LI><a href="#[1e]">&gt;&gt;</a>&nbsp;&nbsp;&nbsp;main
</UL>

<P><STRONG><a name="[136]"></a>ble_regs_push</STRONG> (Thumb, 0 bytes, Stack size 0 bytes, da14531_symbols.txt(ABSOLUTE))
<BR><BR>[Called By]<UL><LI><a href="#[1e]">&gt;&gt;</a>&nbsp;&nbsp;&nbsp;main
</UL>

<P><STRONG><a name="[f5]"></a>ble_regs_pop</STRONG> (Thumb, 0 bytes, Stack size 0 bytes, da14531_symbols.txt(ABSOLUTE))
<BR><BR>[Called By]<UL><LI><a href="#[6]">&gt;&gt;</a>&nbsp;&nbsp;&nbsp;BLE_WAKEUP_LP_Handler
</UL>

<P><STRONG><a name="[14b]"></a>rf_reinit</STRONG> (Thumb, 0 bytes, Stack size 0 bytes, da14531_symbols.txt(ABSOLUTE))
<BR><BR>[Called By]<UL><LI><a href="#[7]">&gt;&gt;</a>&nbsp;&nbsp;&nbsp;rwble_isr
</UL>

<P><STRONG><a name="[c6]"></a>smpc_pdu_recv</STRONG> (Thumb, 0 bytes, Stack size 0 bytes, da14531_symbols.txt(ABSOLUTE))
<BR><BR>[Called By]<UL><LI><a href="#[9c]">&gt;&gt;</a>&nbsp;&nbsp;&nbsp;JT_l2cc_pdu_recv_ind_handler_func
</UL>

<P><STRONG><a name="[8]"></a>UART_Handler</STRONG> (Thumb, 0 bytes, Stack size 0 bytes, da14531_symbols.txt(ABSOLUTE), UNUSED)
<BR>[Address Reference Count : 1]<UL><LI> startup_da14531.o(RESET)
</UL>
<P><STRONG><a name="[14f]"></a>prf_get_task_from_id</STRONG> (Thumb, 0 bytes, Stack size 0 bytes, da14531_symbols.txt(ABSOLUTE))
<BR><BR>[Called By]<UL><LI><a href="#[150]">&gt;&gt;</a>&nbsp;&nbsp;&nbsp;user_app_get_adc_val
<LI><a href="#[36]">&gt;&gt;</a>&nbsp;&nbsp;&nbsp;user_app_button_press_cb
</UL>

<P><STRONG><a name="[10d]"></a>dia_rand</STRONG> (Thumb, 0 bytes, Stack size 0 bytes, da14531_symbols.txt(ABSOLUTE))
<BR><BR>[Called By]<UL><LI><a href="#[bc]">&gt;&gt;</a>&nbsp;&nbsp;&nbsp;default_app_generate_static_random_addr
<LI><a href="#[ad]">&gt;&gt;</a>&nbsp;&nbsp;&nbsp;ba431_get_rand_func
</UL>

<P><STRONG><a name="[e3]"></a>co_buf_rx_free</STRONG> (Thumb, 0 bytes, Stack size 0 bytes, da14531_symbols.txt(ABSOLUTE))
<BR><BR>[Called By]<UL><LI><a href="#[57]">&gt;&gt;</a>&nbsp;&nbsp;&nbsp;PATCHED_llc_data_ind_handler
</UL>

<P><STRONG><a name="[c7]"></a>co_buf_rx_buffer_get</STRONG> (Thumb, 0 bytes, Stack size 0 bytes, da14531_symbols.txt(ABSOLUTE))
<BR><BR>[Called By]<UL><LI><a href="#[59]">&gt;&gt;</a>&nbsp;&nbsp;&nbsp;PATCHED_llm_con_req_ind
</UL>

<P><STRONG><a name="[cd]"></a>co_buf_tx_buffer_get</STRONG> (Thumb, 0 bytes, Stack size 0 bytes, da14531_symbols.txt(ABSOLUTE))
<BR><BR>[Called By]<UL><LI><a href="#[59]">&gt;&gt;</a>&nbsp;&nbsp;&nbsp;PATCHED_llm_con_req_ind
</UL>

<P><STRONG><a name="[a6]"></a>llc_le_length_effective_func</STRONG> (Thumb, 0 bytes, Stack size 0 bytes, da14531_symbols.txt(ABSOLUTE), UNUSED)
<BR>[Address Reference Count : 1]<UL><LI> lto-llvm-f19807.o(.rodata.rom_func_addr_table_var)
</UL>
<P><STRONG><a name="[a7]"></a>llc_le_length_conn_init_func</STRONG> (Thumb, 0 bytes, Stack size 0 bytes, da14531_symbols.txt(ABSOLUTE), UNUSED)
<BR>[Address Reference Count : 1]<UL><LI> lto-llvm-f19807.o(.rodata.rom_func_addr_table_var)
</UL>
<P><STRONG><a name="[ce]"></a>llc_le_con_cmp_evt_send</STRONG> (Thumb, 0 bytes, Stack size 0 bytes, da14531_symbols.txt(ABSOLUTE))
<BR><BR>[Called By]<UL><LI><a href="#[59]">&gt;&gt;</a>&nbsp;&nbsp;&nbsp;PATCHED_llm_con_req_ind
</UL>

<P><STRONG><a name="[d6]"></a>llc_start</STRONG> (Thumb, 0 bytes, Stack size 0 bytes, da14531_symbols.txt(ABSOLUTE))
<BR><BR>[Called By]<UL><LI><a href="#[59]">&gt;&gt;</a>&nbsp;&nbsp;&nbsp;PATCHED_llm_con_req_ind
</UL>

<P><STRONG><a name="[e5]"></a>llc_common_enc_key_ref_comp_evt_send</STRONG> (Thumb, 0 bytes, Stack size 0 bytes, da14531_symbols.txt(ABSOLUTE))
<BR><BR>[Called By]<UL><LI><a href="#[57]">&gt;&gt;</a>&nbsp;&nbsp;&nbsp;PATCHED_llc_data_ind_handler
</UL>

<P><STRONG><a name="[e6]"></a>llc_common_enc_change_evt_send</STRONG> (Thumb, 0 bytes, Stack size 0 bytes, da14531_symbols.txt(ABSOLUTE))
<BR><BR>[Called By]<UL><LI><a href="#[57]">&gt;&gt;</a>&nbsp;&nbsp;&nbsp;PATCHED_llc_data_ind_handler
</UL>

<P><STRONG><a name="[aa]"></a>llc_pdu_send_func</STRONG> (Thumb, 0 bytes, Stack size 0 bytes, da14531_symbols.txt(ABSOLUTE), UNUSED)
<BR>[Address Reference Count : 1]<UL><LI> lto-llvm-f19807.o(.rodata.rom_func_addr_table_var)
</UL>
<P><STRONG><a name="[e9]"></a>llc_lsto_timer_restart</STRONG> (Thumb, 0 bytes, Stack size 0 bytes, da14531_symbols.txt(ABSOLUTE))
<BR><BR>[Called By]<UL><LI><a href="#[58]">&gt;&gt;</a>&nbsp;&nbsp;&nbsp;PATCHED_lld_data_ind_handler
</UL>

<P><STRONG><a name="[ea]"></a>lld_data_ind_handler</STRONG> (Thumb, 0 bytes, Stack size 0 bytes, da14531_symbols.txt(ABSOLUTE))
<BR><BR>[Called By]<UL><LI><a href="#[58]">&gt;&gt;</a>&nbsp;&nbsp;&nbsp;PATCHED_lld_data_ind_handler
</UL>

<P><STRONG><a name="[c8]"></a>llc_util_get_free_conhdl</STRONG> (Thumb, 0 bytes, Stack size 0 bytes, da14531_symbols.txt(ABSOLUTE))
<BR><BR>[Called By]<UL><LI><a href="#[59]">&gt;&gt;</a>&nbsp;&nbsp;&nbsp;PATCHED_llm_con_req_ind
</UL>

<P><STRONG><a name="[e7]"></a>llc_util_dicon_procedure</STRONG> (Thumb, 0 bytes, Stack size 0 bytes, da14531_symbols.txt(ABSOLUTE))
<BR><BR>[Called By]<UL><LI><a href="#[57]">&gt;&gt;</a>&nbsp;&nbsp;&nbsp;PATCHED_llc_data_ind_handler
</UL>

<P><STRONG><a name="[d7]"></a>llc_util_update_channel_map</STRONG> (Thumb, 0 bytes, Stack size 0 bytes, da14531_symbols.txt(ABSOLUTE))
<BR><BR>[Called By]<UL><LI><a href="#[59]">&gt;&gt;</a>&nbsp;&nbsp;&nbsp;PATCHED_llm_con_req_ind
</UL>

<P><STRONG><a name="[e4]"></a>lld_get_mode</STRONG> (Thumb, 0 bytes, Stack size 0 bytes, da14531_symbols.txt(ABSOLUTE))
<BR><BR>[Called By]<UL><LI><a href="#[57]">&gt;&gt;</a>&nbsp;&nbsp;&nbsp;PATCHED_llc_data_ind_handler
</UL>

<P><STRONG><a name="[d5]"></a>lld_move_to_slave</STRONG> (Thumb, 0 bytes, Stack size 0 bytes, da14531_symbols.txt(ABSOLUTE))
<BR><BR>[Called By]<UL><LI><a href="#[59]">&gt;&gt;</a>&nbsp;&nbsp;&nbsp;PATCHED_llm_con_req_ind
</UL>

<P><STRONG><a name="[149]"></a>lld_crypt_isr</STRONG> (Thumb, 0 bytes, Stack size 0 bytes, da14531_symbols.txt(ABSOLUTE))
<BR><BR>[Called By]<UL><LI><a href="#[7]">&gt;&gt;</a>&nbsp;&nbsp;&nbsp;rwble_isr
</UL>

<P><STRONG><a name="[8b]"></a>lld_test_mode_tx_func</STRONG> (Thumb, 0 bytes, Stack size 0 bytes, da14531_symbols.txt(ABSOLUTE), UNUSED)
<BR>[Address Reference Count : 1]<UL><LI> lto-llvm-f19807.o(.rodata.rom_func_addr_table_var)
</UL>
<P><STRONG><a name="[8a]"></a>lld_test_stop_func</STRONG> (Thumb, 0 bytes, Stack size 0 bytes, da14531_symbols.txt(ABSOLUTE), UNUSED)
<BR>[Address Reference Count : 1]<UL><LI> lto-llvm-f19807.o(.rodata.rom_func_addr_table_var)
</UL>
<P><STRONG><a name="[a9]"></a>lld_data_tx_check_func</STRONG> (Thumb, 0 bytes, Stack size 0 bytes, da14531_symbols.txt(ABSOLUTE), UNUSED)
<BR>[Address Reference Count : 1]<UL><LI> lto-llvm-f19807.o(.rodata.rom_func_addr_table_var)
</UL>
<P><STRONG><a name="[a8]"></a>lld_data_tx_prog_func</STRONG> (Thumb, 0 bytes, Stack size 0 bytes, da14531_symbols.txt(ABSOLUTE), UNUSED)
<BR>[Address Reference Count : 1]<UL><LI> lto-llvm-f19807.o(.rodata.rom_func_addr_table_var)
</UL>
<P><STRONG><a name="[cf]"></a>lld_evt_elt_delete</STRONG> (Thumb, 0 bytes, Stack size 0 bytes, da14531_symbols.txt(ABSOLUTE))
<BR><BR>[Called By]<UL><LI><a href="#[59]">&gt;&gt;</a>&nbsp;&nbsp;&nbsp;PATCHED_llm_con_req_ind
</UL>

<P><STRONG><a name="[c1]"></a>lld_evt_elt_insert</STRONG> (Thumb, 0 bytes, Stack size 0 bytes, da14531_symbols.txt(ABSOLUTE))
<BR><BR>[Called By]<UL><LI><a href="#[8c]">&gt;&gt;</a>&nbsp;&nbsp;&nbsp;JT_lld_test_mode_rx_func
</UL>

<P><STRONG><a name="[bf]"></a>lld_evt_adv_create</STRONG> (Thumb, 0 bytes, Stack size 0 bytes, da14531_symbols.txt(ABSOLUTE))
<BR><BR>[Called By]<UL><LI><a href="#[8c]">&gt;&gt;</a>&nbsp;&nbsp;&nbsp;JT_lld_test_mode_rx_func
</UL>

<P><STRONG><a name="[148]"></a>lld_evt_timer_isr</STRONG> (Thumb, 0 bytes, Stack size 0 bytes, da14531_symbols.txt(ABSOLUTE))
<BR><BR>[Called By]<UL><LI><a href="#[7]">&gt;&gt;</a>&nbsp;&nbsp;&nbsp;rwble_isr
</UL>

<P><STRONG><a name="[146]"></a>lld_evt_end_isr</STRONG> (Thumb, 0 bytes, Stack size 0 bytes, da14531_symbols.txt(ABSOLUTE))
<BR><BR>[Called By]<UL><LI><a href="#[7]">&gt;&gt;</a>&nbsp;&nbsp;&nbsp;rwble_isr
</UL>

<P><STRONG><a name="[144]"></a>lld_evt_rx_isr</STRONG> (Thumb, 0 bytes, Stack size 0 bytes, da14531_symbols.txt(ABSOLUTE))
<BR><BR>[Called By]<UL><LI><a href="#[7]">&gt;&gt;</a>&nbsp;&nbsp;&nbsp;rwble_isr
</UL>

<P><STRONG><a name="[135]"></a>lld_sleep_enter</STRONG> (Thumb, 0 bytes, Stack size 0 bytes, da14531_symbols.txt(ABSOLUTE))
<BR><BR>[Called By]<UL><LI><a href="#[1e]">&gt;&gt;</a>&nbsp;&nbsp;&nbsp;main
</UL>

<P><STRONG><a name="[c0]"></a>lld_util_freq2chnl</STRONG> (Thumb, 0 bytes, Stack size 0 bytes, da14531_symbols.txt(ABSOLUTE))
<BR><BR>[Called By]<UL><LI><a href="#[8c]">&gt;&gt;</a>&nbsp;&nbsp;&nbsp;JT_lld_test_mode_rx_func
</UL>

<P><STRONG><a name="[d8]"></a>llm_wl_from_rl_restore</STRONG> (Thumb, 0 bytes, Stack size 0 bytes, da14531_symbols.txt(ABSOLUTE))
<BR><BR>[Called By]<UL><LI><a href="#[59]">&gt;&gt;</a>&nbsp;&nbsp;&nbsp;PATCHED_llm_con_req_ind
</UL>

<P><STRONG><a name="[5c]"></a>llm_con_req_ind</STRONG> (Thumb, 0 bytes, Stack size 0 bytes, da14531_symbols.txt(ABSOLUTE), UNUSED)
<BR>[Address Reference Count : 1]<UL><LI> lto-llvm-f19807.o(.rodata.patch_orig_table)
</UL>
<P><STRONG><a name="[a1]"></a>llm_le_adv_report_ind_func</STRONG> (Thumb, 0 bytes, Stack size 0 bytes, da14531_symbols.txt(ABSOLUTE), UNUSED)
<BR>[Address Reference Count : 1]<UL><LI> lto-llvm-f19807.o(.rodata.rom_func_addr_table_var)
</UL>
<P><STRONG><a name="[7f]"></a>llm_encryption_done_func</STRONG> (Thumb, 0 bytes, Stack size 0 bytes, da14531_symbols.txt(ABSOLUTE), UNUSED)
<BR>[Address Reference Count : 1]<UL><LI> lto-llvm-f19807.o(.rodata.rom_func_addr_table_var)
</UL>
<P><STRONG><a name="[a3]"></a>llm_p256_start_func</STRONG> (Thumb, 0 bytes, Stack size 0 bytes, da14531_symbols.txt(ABSOLUTE), UNUSED)
<BR>[Address Reference Count : 1]<UL><LI> lto-llvm-f19807.o(.rodata.rom_func_addr_table_var)
</UL>
<P><STRONG><a name="[a4]"></a>llm_create_p256_key_func</STRONG> (Thumb, 0 bytes, Stack size 0 bytes, da14531_symbols.txt(ABSOLUTE), UNUSED)
<BR>[Address Reference Count : 1]<UL><LI> lto-llvm-f19807.o(.rodata.rom_func_addr_table_var)
</UL>
<P><STRONG><a name="[d1]"></a>llm_wlpub_addr_set</STRONG> (Thumb, 0 bytes, Stack size 0 bytes, da14531_symbols.txt(ABSOLUTE))
<BR><BR>[Called By]<UL><LI><a href="#[59]">&gt;&gt;</a>&nbsp;&nbsp;&nbsp;PATCHED_llm_con_req_ind
</UL>

<P><STRONG><a name="[d2]"></a>llm_wlpriv_addr_set</STRONG> (Thumb, 0 bytes, Stack size 0 bytes, da14531_symbols.txt(ABSOLUTE))
<BR><BR>[Called By]<UL><LI><a href="#[59]">&gt;&gt;</a>&nbsp;&nbsp;&nbsp;PATCHED_llm_con_req_ind
</UL>

<P><STRONG><a name="[a5]"></a>llm_p256_req_handler_func</STRONG> (Thumb, 0 bytes, Stack size 0 bytes, da14531_symbols.txt(ABSOLUTE), UNUSED)
<BR>[Address Reference Count : 1]<UL><LI> lto-llvm-f19807.o(.rodata.rom_func_addr_table_var)
</UL>
<P><STRONG><a name="[97]"></a>hci_rd_local_supp_feats_cmd_handler_func</STRONG> (Thumb, 0 bytes, Stack size 0 bytes, da14531_symbols.txt(ABSOLUTE), UNUSED)
<BR>[Address Reference Count : 1]<UL><LI> lto-llvm-f19807.o(.rodata.rom_func_addr_table_var)
</UL>
<P><STRONG><a name="[d0]"></a>llm_util_bd_addr_in_wl</STRONG> (Thumb, 0 bytes, Stack size 0 bytes, da14531_symbols.txt(ABSOLUTE))
<BR><BR>[Called By]<UL><LI><a href="#[59]">&gt;&gt;</a>&nbsp;&nbsp;&nbsp;PATCHED_llm_con_req_ind
</UL>

<P><STRONG><a name="[d3]"></a>llm_util_bl_check</STRONG> (Thumb, 0 bytes, Stack size 0 bytes, da14531_symbols.txt(ABSOLUTE))
<BR><BR>[Called By]<UL><LI><a href="#[59]">&gt;&gt;</a>&nbsp;&nbsp;&nbsp;PATCHED_llm_con_req_ind
</UL>

<P><STRONG><a name="[d4]"></a>llm_util_bl_add</STRONG> (Thumb, 0 bytes, Stack size 0 bytes, da14531_symbols.txt(ABSOLUTE))
<BR><BR>[Called By]<UL><LI><a href="#[59]">&gt;&gt;</a>&nbsp;&nbsp;&nbsp;PATCHED_llm_con_req_ind
</UL>

<P><STRONG><a name="[c9]"></a>llm_util_rl_check</STRONG> (Thumb, 0 bytes, Stack size 0 bytes, da14531_symbols.txt(ABSOLUTE))
<BR><BR>[Called By]<UL><LI><a href="#[59]">&gt;&gt;</a>&nbsp;&nbsp;&nbsp;PATCHED_llm_con_req_ind
</UL>

<P><STRONG><a name="[ca]"></a>llm_util_rl_peer_find</STRONG> (Thumb, 0 bytes, Stack size 0 bytes, da14531_symbols.txt(ABSOLUTE))
<BR><BR>[Called By]<UL><LI><a href="#[59]">&gt;&gt;</a>&nbsp;&nbsp;&nbsp;PATCHED_llm_con_req_ind
</UL>

<P><STRONG><a name="[cc]"></a>llm_util_rl_peer_resolv</STRONG> (Thumb, 0 bytes, Stack size 0 bytes, da14531_symbols.txt(ABSOLUTE))
<BR><BR>[Called By]<UL><LI><a href="#[59]">&gt;&gt;</a>&nbsp;&nbsp;&nbsp;PATCHED_llm_con_req_ind
</UL>

<P><STRONG><a name="[a2]"></a>PK_PointMult_func</STRONG> (Thumb, 0 bytes, Stack size 0 bytes, da14531_symbols.txt(ABSOLUTE), UNUSED)
<BR>[Address Reference Count : 1]<UL><LI> lto-llvm-f19807.o(.rodata.rom_func_addr_table_var)
</UL>
<P><STRONG><a name="[143]"></a>ea_finetimer_isr</STRONG> (Thumb, 0 bytes, Stack size 0 bytes, da14531_symbols.txt(ABSOLUTE))
<BR><BR>[Called By]<UL><LI><a href="#[7]">&gt;&gt;</a>&nbsp;&nbsp;&nbsp;rwble_isr
</UL>

<P><STRONG><a name="[147]"></a>ea_sw_isr</STRONG> (Thumb, 0 bytes, Stack size 0 bytes, da14531_symbols.txt(ABSOLUTE))
<BR><BR>[Called By]<UL><LI><a href="#[7]">&gt;&gt;</a>&nbsp;&nbsp;&nbsp;rwble_isr
</UL>

<P><STRONG><a name="[130]"></a>ea_sleep_check</STRONG> (Thumb, 0 bytes, Stack size 0 bytes, da14531_symbols.txt(ABSOLUTE))
<BR><BR>[Called By]<UL><LI><a href="#[1e]">&gt;&gt;</a>&nbsp;&nbsp;&nbsp;main
</UL>

<P><STRONG><a name="[67]"></a>uart_init_func</STRONG> (Thumb, 0 bytes, Stack size 0 bytes, da14531_symbols.txt(ABSOLUTE), UNUSED)
<BR>[Address Reference Count : 1]<UL><LI> lto-llvm-f19807.o(.rodata.rom_func_addr_table_var)
</UL>
<P><STRONG><a name="[68]"></a>uart_flow_on_func</STRONG> (Thumb, 0 bytes, Stack size 0 bytes, da14531_symbols.txt(ABSOLUTE), UNUSED)
<BR>[Address Reference Count : 1]<UL><LI> lto-llvm-f19807.o(.rodata.rom_func_addr_table_var)
</UL>
<P><STRONG><a name="[69]"></a>uart_flow_off_func</STRONG> (Thumb, 0 bytes, Stack size 0 bytes, da14531_symbols.txt(ABSOLUTE), UNUSED)
<BR>[Address Reference Count : 1]<UL><LI> lto-llvm-f19807.o(.rodata.rom_func_addr_table_var)
</UL>
<P><STRONG><a name="[6a]"></a>uart_finish_transfers_func</STRONG> (Thumb, 0 bytes, Stack size 0 bytes, da14531_symbols.txt(ABSOLUTE), UNUSED)
<BR>[Address Reference Count : 1]<UL><LI> lto-llvm-f19807.o(.rodata.rom_func_addr_table_var)
</UL>
<P><STRONG><a name="[6b]"></a>uart_read_func</STRONG> (Thumb, 0 bytes, Stack size 0 bytes, da14531_symbols.txt(ABSOLUTE), UNUSED)
<BR>[Address Reference Count : 1]<UL><LI> lto-llvm-f19807.o(.rodata.rom_func_addr_table_var)
</UL>
<P><STRONG><a name="[6c]"></a>uart_write_func</STRONG> (Thumb, 0 bytes, Stack size 0 bytes, da14531_symbols.txt(ABSOLUTE), UNUSED)
<BR>[Address Reference Count : 1]<UL><LI> lto-llvm-f19807.o(.rodata.rom_func_addr_table_var)
</UL>
<P><STRONG><a name="[6d]"></a>UART_Handler_func</STRONG> (Thumb, 0 bytes, Stack size 0 bytes, da14531_symbols.txt(ABSOLUTE), UNUSED)
<BR>[Address Reference Count : 1]<UL><LI> lto-llvm-f19807.o(.rodata.rom_func_addr_table_var)
</UL>
<P><STRONG><a name="[6e]"></a>gtl_init_func</STRONG> (Thumb, 0 bytes, Stack size 0 bytes, da14531_symbols.txt(ABSOLUTE), UNUSED)
<BR>[Address Reference Count : 1]<UL><LI> lto-llvm-f19807.o(.rodata.rom_func_addr_table_var)
</UL>
<P><STRONG><a name="[70]"></a>gtl_eif_read_start_func</STRONG> (Thumb, 0 bytes, Stack size 0 bytes, da14531_symbols.txt(ABSOLUTE), UNUSED)
<BR>[Address Reference Count : 1]<UL><LI> lto-llvm-f19807.o(.rodata.rom_func_addr_table_var)
</UL>
<P><STRONG><a name="[71]"></a>gtl_eif_read_hdr_func</STRONG> (Thumb, 0 bytes, Stack size 0 bytes, da14531_symbols.txt(ABSOLUTE), UNUSED)
<BR>[Address Reference Count : 1]<UL><LI> lto-llvm-f19807.o(.rodata.rom_func_addr_table_var)
</UL>
<P><STRONG><a name="[72]"></a>gtl_eif_read_payl_func</STRONG> (Thumb, 0 bytes, Stack size 0 bytes, da14531_symbols.txt(ABSOLUTE), UNUSED)
<BR>[Address Reference Count : 1]<UL><LI> lto-llvm-f19807.o(.rodata.rom_func_addr_table_var)
</UL>
<P><STRONG><a name="[73]"></a>gtl_eif_tx_done_func</STRONG> (Thumb, 0 bytes, Stack size 0 bytes, da14531_symbols.txt(ABSOLUTE), UNUSED)
<BR>[Address Reference Count : 1]<UL><LI> lto-llvm-f19807.o(.rodata.rom_func_addr_table_var)
</UL>
<P><STRONG><a name="[74]"></a>gtl_eif_rx_done_func</STRONG> (Thumb, 0 bytes, Stack size 0 bytes, da14531_symbols.txt(ABSOLUTE), UNUSED)
<BR>[Address Reference Count : 1]<UL><LI> lto-llvm-f19807.o(.rodata.rom_func_addr_table_var)
</UL>
<P><STRONG><a name="[6f]"></a>gtl_eif_init_func</STRONG> (Thumb, 0 bytes, Stack size 0 bytes, da14531_symbols.txt(ABSOLUTE), UNUSED)
<BR>[Address Reference Count : 1]<UL><LI> lto-llvm-f19807.o(.rodata.rom_func_addr_table_var)
</UL>
<P><STRONG><a name="[e8]"></a>hci_send_2_host</STRONG> (Thumb, 0 bytes, Stack size 0 bytes, da14531_symbols.txt(ABSOLUTE))
<BR><BR>[Called By]<UL><LI><a href="#[57]">&gt;&gt;</a>&nbsp;&nbsp;&nbsp;PATCHED_llc_data_ind_handler
</UL>

<P><STRONG><a name="[76]"></a>h4tl_read_start_func</STRONG> (Thumb, 0 bytes, Stack size 0 bytes, da14531_symbols.txt(ABSOLUTE), UNUSED)
<BR>[Address Reference Count : 1]<UL><LI> lto-llvm-f19807.o(.rodata.rom_func_addr_table_var)
</UL>
<P><STRONG><a name="[77]"></a>h4tl_read_hdr_func</STRONG> (Thumb, 0 bytes, Stack size 0 bytes, da14531_symbols.txt(ABSOLUTE), UNUSED)
<BR>[Address Reference Count : 1]<UL><LI> lto-llvm-f19807.o(.rodata.rom_func_addr_table_var)
</UL>
<P><STRONG><a name="[78]"></a>h4tl_read_payl_func</STRONG> (Thumb, 0 bytes, Stack size 0 bytes, da14531_symbols.txt(ABSOLUTE), UNUSED)
<BR>[Address Reference Count : 1]<UL><LI> lto-llvm-f19807.o(.rodata.rom_func_addr_table_var)
</UL>
<P><STRONG><a name="[79]"></a>h4tl_read_next_out_of_sync_func</STRONG> (Thumb, 0 bytes, Stack size 0 bytes, da14531_symbols.txt(ABSOLUTE), UNUSED)
<BR>[Address Reference Count : 1]<UL><LI> lto-llvm-f19807.o(.rodata.rom_func_addr_table_var)
</UL>
<P><STRONG><a name="[7a]"></a>h4tl_out_of_sync_func</STRONG> (Thumb, 0 bytes, Stack size 0 bytes, da14531_symbols.txt(ABSOLUTE), UNUSED)
<BR>[Address Reference Count : 1]<UL><LI> lto-llvm-f19807.o(.rodata.rom_func_addr_table_var)
</UL>
<P><STRONG><a name="[7b]"></a>h4tl_tx_done_func</STRONG> (Thumb, 0 bytes, Stack size 0 bytes, da14531_symbols.txt(ABSOLUTE), UNUSED)
<BR>[Address Reference Count : 1]<UL><LI> lto-llvm-f19807.o(.rodata.rom_func_addr_table_var)
</UL>
<P><STRONG><a name="[7c]"></a>h4tl_rx_done_func</STRONG> (Thumb, 0 bytes, Stack size 0 bytes, da14531_symbols.txt(ABSOLUTE), UNUSED)
<BR>[Address Reference Count : 1]<UL><LI> lto-llvm-f19807.o(.rodata.rom_func_addr_table_var)
</UL>
<P><STRONG><a name="[75]"></a>h4tl_init_func</STRONG> (Thumb, 0 bytes, Stack size 0 bytes, da14531_symbols.txt(ABSOLUTE), UNUSED)
<BR>[Address Reference Count : 1]<UL><LI> lto-llvm-f19807.o(.rodata.rom_func_addr_table_var)
</UL>
<P><STRONG><a name="[9f]"></a>attc_l2cc_pdu_recv_handler_func</STRONG> (Thumb, 0 bytes, Stack size 0 bytes, da14531_symbols.txt(ABSOLUTE), UNUSED)
<BR>[Address Reference Count : 1]<UL><LI> lto-llvm-f19807.o(.rodata.rom_func_addr_table_var)
</UL>
<P><STRONG><a name="[11a]"></a>attmdb_get_attribute</STRONG> (Thumb, 0 bytes, Stack size 0 bytes, da14531_symbols.txt(ABSOLUTE))
<BR><BR>[Called By]<UL><LI><a href="#[4f]">&gt;&gt;</a>&nbsp;&nbsp;&nbsp;gattc_write_req_ind_handler
</UL>

<P><STRONG><a name="[11b]"></a>attmdb_att_set_value</STRONG> (Thumb, 0 bytes, Stack size 0 bytes, da14531_symbols.txt(ABSOLUTE))
<BR><BR>[Called By]<UL><LI><a href="#[4f]">&gt;&gt;</a>&nbsp;&nbsp;&nbsp;gattc_write_req_ind_handler
</UL>

<P><STRONG><a name="[117]"></a>attmdb_att_get_permission</STRONG> (Thumb, 0 bytes, Stack size 0 bytes, da14531_symbols.txt(ABSOLUTE))
<BR><BR>[Called By]<UL><LI><a href="#[4f]">&gt;&gt;</a>&nbsp;&nbsp;&nbsp;gattc_write_req_ind_handler
</UL>

<P><STRONG><a name="[9e]"></a>atts_l2cc_pdu_recv_handler_func</STRONG> (Thumb, 0 bytes, Stack size 0 bytes, da14531_symbols.txt(ABSOLUTE), UNUSED)
<BR>[Address Reference Count : 1]<UL><LI> lto-llvm-f19807.o(.rodata.rom_func_addr_table_var)
</UL>
<P><STRONG><a name="[dd]"></a>smpc_generate_e1</STRONG> (Thumb, 0 bytes, Stack size 0 bytes, da14531_symbols.txt(ABSOLUTE))
<BR><BR>[Called By]<UL><LI><a href="#[5a]">&gt;&gt;</a>&nbsp;&nbsp;&nbsp;PATCHED_smpc_recv_pair_rand_pdu
</UL>

<P><STRONG><a name="[df]"></a>smpc_pairing_end</STRONG> (Thumb, 0 bytes, Stack size 0 bytes, da14531_symbols.txt(ABSOLUTE))
<BR><BR>[Called By]<UL><LI><a href="#[5b]">&gt;&gt;</a>&nbsp;&nbsp;&nbsp;PATCHED_smpc_recv_public_key_exchange_pdu
<LI><a href="#[5a]">&gt;&gt;</a>&nbsp;&nbsp;&nbsp;PATCHED_smpc_recv_pair_rand_pdu
</UL>

<P><STRONG><a name="[de]"></a>smpc_pdu_send</STRONG> (Thumb, 0 bytes, Stack size 0 bytes, da14531_symbols.txt(ABSOLUTE))
<BR><BR>[Called By]<UL><LI><a href="#[5b]">&gt;&gt;</a>&nbsp;&nbsp;&nbsp;PATCHED_smpc_recv_public_key_exchange_pdu
<LI><a href="#[5a]">&gt;&gt;</a>&nbsp;&nbsp;&nbsp;PATCHED_smpc_recv_pair_rand_pdu
</UL>

<P><STRONG><a name="[8e]"></a>smpc_pdu_recv_func</STRONG> (Thumb, 0 bytes, Stack size 0 bytes, da14531_symbols.txt(ABSOLUTE), UNUSED)
<BR>[Address Reference Count : 1]<UL><LI> lto-llvm-f19807.o(.rodata.rom_func_addr_table_var)
</UL>
<P><STRONG><a name="[db]"></a>smpc_generate_f4</STRONG> (Thumb, 0 bytes, Stack size 0 bytes, da14531_symbols.txt(ABSOLUTE))
<BR><BR>[Called By]<UL><LI><a href="#[5a]">&gt;&gt;</a>&nbsp;&nbsp;&nbsp;PATCHED_smpc_recv_pair_rand_pdu
</UL>

<P><STRONG><a name="[e0]"></a>smpc_generate_g2</STRONG> (Thumb, 0 bytes, Stack size 0 bytes, da14531_symbols.txt(ABSOLUTE))
<BR><BR>[Called By]<UL><LI><a href="#[5a]">&gt;&gt;</a>&nbsp;&nbsp;&nbsp;PATCHED_smpc_recv_pair_rand_pdu
</UL>

<P><STRONG><a name="[e1]"></a>smpc_generate_f5</STRONG> (Thumb, 0 bytes, Stack size 0 bytes, da14531_symbols.txt(ABSOLUTE))
<BR><BR>[Called By]<UL><LI><a href="#[5a]">&gt;&gt;</a>&nbsp;&nbsp;&nbsp;PATCHED_smpc_recv_pair_rand_pdu
</UL>

<P><STRONG><a name="[dc]"></a>gapc_get_role</STRONG> (Thumb, 0 bytes, Stack size 0 bytes, da14531_symbols.txt(ABSOLUTE))
<BR><BR>[Called By]<UL><LI><a href="#[5b]">&gt;&gt;</a>&nbsp;&nbsp;&nbsp;PATCHED_smpc_recv_public_key_exchange_pdu
<LI><a href="#[5a]">&gt;&gt;</a>&nbsp;&nbsp;&nbsp;PATCHED_smpc_recv_pair_rand_pdu
</UL>

<P><STRONG><a name="[c2]"></a>gapc_lecnx_check_rx</STRONG> (Thumb, 0 bytes, Stack size 0 bytes, da14531_symbols.txt(ABSOLUTE))
<BR><BR>[Called By]<UL><LI><a href="#[99]">&gt;&gt;</a>&nbsp;&nbsp;&nbsp;JT_l2cc_pdu_unpack_func
</UL>

<P><STRONG><a name="[c5]"></a>l2cc_pdu_recv_ind_handler_func</STRONG> (Thumb, 0 bytes, Stack size 0 bytes, da14531_symbols.txt(ABSOLUTE))
<BR><BR>[Called By]<UL><LI><a href="#[9c]">&gt;&gt;</a>&nbsp;&nbsp;&nbsp;JT_l2cc_pdu_recv_ind_handler_func
</UL>

<P><STRONG><a name="[9d]"></a>gapc_lecb_connect_cfm_handler_func</STRONG> (Thumb, 0 bytes, Stack size 0 bytes, da14531_symbols.txt(ABSOLUTE), UNUSED)
<BR>[Address Reference Count : 1]<UL><LI> lto-llvm-f19807.o(.rodata.rom_func_addr_table_var)
</UL>
<P><STRONG><a name="[98]"></a>l2cc_pdu_pack_func</STRONG> (Thumb, 0 bytes, Stack size 0 bytes, da14531_symbols.txt(ABSOLUTE), UNUSED)
<BR>[Address Reference Count : 1]<UL><LI> lto-llvm-f19807.o(.rodata.rom_func_addr_table_var)
</UL>
<P><STRONG><a name="[9b]"></a>l2c_process_sdu_func</STRONG> (Thumb, 0 bytes, Stack size 0 bytes, da14531_symbols.txt(ABSOLUTE), UNUSED)
<BR>[Address Reference Count : 1]<UL><LI> lto-llvm-f19807.o(.rodata.rom_func_addr_table_var)
</UL>
<P><STRONG><a name="[9a]"></a>l2c_send_lecb_message_func</STRONG> (Thumb, 0 bytes, Stack size 0 bytes, da14531_symbols.txt(ABSOLUTE), UNUSED)
<BR>[Address Reference Count : 1]<UL><LI> lto-llvm-f19807.o(.rodata.rom_func_addr_table_var)
</UL>
<P><STRONG><a name="[8d]"></a>smpc_check_param_func</STRONG> (Thumb, 0 bytes, Stack size 0 bytes, da14531_symbols.txt(ABSOLUTE), UNUSED)
<BR>[Address Reference Count : 1]<UL><LI> lto-llvm-f19807.o(.rodata.rom_func_addr_table_var)
</UL>
<P><STRONG><a name="[5d]"></a>smpc_recv_pair_rand_pdu</STRONG> (Thumb, 0 bytes, Stack size 0 bytes, da14531_symbols.txt(ABSOLUTE), UNUSED)
<BR>[Address Reference Count : 1]<UL><LI> lto-llvm-f19807.o(.rodata.patch_orig_table)
</UL>
<P><STRONG><a name="[5e]"></a>smpc_recv_public_key_exchange_pdu</STRONG> (Thumb, 0 bytes, Stack size 0 bytes, da14531_symbols.txt(ABSOLUTE), UNUSED)
<BR>[Address Reference Count : 1]<UL><LI> lto-llvm-f19807.o(.rodata.patch_orig_table)
</UL>
<P><STRONG><a name="[ae]"></a>smpc_public_key_exchange_start_func</STRONG> (Thumb, 0 bytes, Stack size 0 bytes, da14531_symbols.txt(ABSOLUTE), UNUSED)
<BR>[Address Reference Count : 1]<UL><LI> lto-llvm-f19807.o(.rodata.rom_func_addr_table_var)
</UL>
<P><STRONG><a name="[e2]"></a>smpc_dhkey_calc_start</STRONG> (Thumb, 0 bytes, Stack size 0 bytes, da14531_symbols.txt(ABSOLUTE))
<BR><BR>[Called By]<UL><LI><a href="#[5b]">&gt;&gt;</a>&nbsp;&nbsp;&nbsp;PATCHED_smpc_recv_public_key_exchange_pdu
</UL>

<P><STRONG><a name="[af]"></a>smpc_dhkey_calc_ind_func</STRONG> (Thumb, 0 bytes, Stack size 0 bytes, da14531_symbols.txt(ABSOLUTE), UNUSED)
<BR>[Address Reference Count : 1]<UL><LI> lto-llvm-f19807.o(.rodata.rom_func_addr_table_var)
</UL>
<P><STRONG><a name="[133]"></a>ke_sleep_check</STRONG> (Thumb, 0 bytes, Stack size 0 bytes, da14531_symbols.txt(ABSOLUTE))
<BR><BR>[Called By]<UL><LI><a href="#[1e]">&gt;&gt;</a>&nbsp;&nbsp;&nbsp;main
</UL>

<P><STRONG><a name="[101]"></a>ke_msg_alloc</STRONG> (Thumb, 0 bytes, Stack size 0 bytes, da14531_symbols.txt(ABSOLUTE))
<BR><BR>[Called By]<UL><LI><a href="#[63]">&gt;&gt;</a>&nbsp;&nbsp;&nbsp;user_catch_rest_hndl
<LI><a href="#[150]">&gt;&gt;</a>&nbsp;&nbsp;&nbsp;user_app_get_adc_val
<LI><a href="#[36]">&gt;&gt;</a>&nbsp;&nbsp;&nbsp;user_app_button_press_cb
<LI><a href="#[37]">&gt;&gt;</a>&nbsp;&nbsp;&nbsp;param_update_request_timer_cb
<LI><a href="#[4f]">&gt;&gt;</a>&nbsp;&nbsp;&nbsp;gattc_write_req_ind_handler
<LI><a href="#[3a]">&gt;&gt;</a>&nbsp;&nbsp;&nbsp;gapm_device_ready_ind_handler
<LI><a href="#[3f]">&gt;&gt;</a>&nbsp;&nbsp;&nbsp;gapc_get_dev_info_req_ind_handler
<LI><a href="#[39]">&gt;&gt;</a>&nbsp;&nbsp;&nbsp;diss_value_req_ind_handler
<LI><a href="#[56]">&gt;&gt;</a>&nbsp;&nbsp;&nbsp;custs1_value_req_rsp_handler
<LI><a href="#[109]">&gt;&gt;</a>&nbsp;&nbsp;&nbsp;create_timer
<LI><a href="#[49]">&gt;&gt;</a>&nbsp;&nbsp;&nbsp;app_timer_api_process_handler
<LI><a href="#[10a]">&gt;&gt;</a>&nbsp;&nbsp;&nbsp;app_easy_timer_cancel
<LI><a href="#[106]">&gt;&gt;</a>&nbsp;&nbsp;&nbsp;app_easy_gap_undirected_advertise_start_create_msg
<LI><a href="#[61]">&gt;&gt;</a>&nbsp;&nbsp;&nbsp;app_easy_gap_dev_configure
<LI><a href="#[62]">&gt;&gt;</a>&nbsp;&nbsp;&nbsp;app_db_init_next
<LI><a href="#[4d]">&gt;&gt;</a>&nbsp;&nbsp;&nbsp;app_custs1_create_db
</UL>

<P><STRONG><a name="[103]"></a>ke_msg_send</STRONG> (Thumb, 0 bytes, Stack size 0 bytes, da14531_symbols.txt(ABSOLUTE))
<BR><BR>[Called By]<UL><LI><a href="#[63]">&gt;&gt;</a>&nbsp;&nbsp;&nbsp;user_catch_rest_hndl
<LI><a href="#[150]">&gt;&gt;</a>&nbsp;&nbsp;&nbsp;user_app_get_adc_val
<LI><a href="#[36]">&gt;&gt;</a>&nbsp;&nbsp;&nbsp;user_app_button_press_cb
<LI><a href="#[10c]">&gt;&gt;</a>&nbsp;&nbsp;&nbsp;user_app_adv_start
<LI><a href="#[37]">&gt;&gt;</a>&nbsp;&nbsp;&nbsp;param_update_request_timer_cb
<LI><a href="#[4f]">&gt;&gt;</a>&nbsp;&nbsp;&nbsp;gattc_write_req_ind_handler
<LI><a href="#[3a]">&gt;&gt;</a>&nbsp;&nbsp;&nbsp;gapm_device_ready_ind_handler
<LI><a href="#[3f]">&gt;&gt;</a>&nbsp;&nbsp;&nbsp;gapc_get_dev_info_req_ind_handler
<LI><a href="#[39]">&gt;&gt;</a>&nbsp;&nbsp;&nbsp;diss_value_req_ind_handler
<LI><a href="#[56]">&gt;&gt;</a>&nbsp;&nbsp;&nbsp;custs1_value_req_rsp_handler
<LI><a href="#[109]">&gt;&gt;</a>&nbsp;&nbsp;&nbsp;create_timer
<LI><a href="#[49]">&gt;&gt;</a>&nbsp;&nbsp;&nbsp;app_timer_api_process_handler
<LI><a href="#[10a]">&gt;&gt;</a>&nbsp;&nbsp;&nbsp;app_easy_timer_cancel
<LI><a href="#[61]">&gt;&gt;</a>&nbsp;&nbsp;&nbsp;app_easy_gap_dev_configure
<LI><a href="#[62]">&gt;&gt;</a>&nbsp;&nbsp;&nbsp;app_db_init_next
<LI><a href="#[4d]">&gt;&gt;</a>&nbsp;&nbsp;&nbsp;app_custs1_create_db
</UL>

<P><STRONG><a name="[100]"></a>ke_msg_send_basic</STRONG> (Thumb, 0 bytes, Stack size 0 bytes, da14531_symbols.txt(ABSOLUTE))
<BR><BR>[Called By]<UL><LI><a href="#[35]">&gt;&gt;</a>&nbsp;&nbsp;&nbsp;app_button_press_cb
</UL>

<P><STRONG><a name="[7d]"></a>ke_task_init_func</STRONG> (Thumb, 0 bytes, Stack size 0 bytes, da14531_symbols.txt(ABSOLUTE), UNUSED)
<BR>[Address Reference Count : 1]<UL><LI> lto-llvm-f19807.o(.rodata.rom_func_addr_table_var)
</UL>
<P><STRONG><a name="[12c]"></a>ke_task_create</STRONG> (Thumb, 0 bytes, Stack size 0 bytes, da14531_symbols.txt(ABSOLUTE))
<BR><BR>[Called By]<UL><LI><a href="#[1e]">&gt;&gt;</a>&nbsp;&nbsp;&nbsp;main
<LI><a href="#[8f]">&gt;&gt;</a>&nbsp;&nbsp;&nbsp;prf_init_func
</UL>

<P><STRONG><a name="[da]"></a>ke_state_set</STRONG> (Thumb, 0 bytes, Stack size 0 bytes, da14531_symbols.txt(ABSOLUTE))
<BR><BR>[Called By]<UL><LI><a href="#[59]">&gt;&gt;</a>&nbsp;&nbsp;&nbsp;PATCHED_llm_con_req_ind
<LI><a href="#[1e]">&gt;&gt;</a>&nbsp;&nbsp;&nbsp;main
<LI><a href="#[10c]">&gt;&gt;</a>&nbsp;&nbsp;&nbsp;user_app_adv_start
<LI><a href="#[3d]">&gt;&gt;</a>&nbsp;&nbsp;&nbsp;gapc_connection_req_ind_handler
<LI><a href="#[56]">&gt;&gt;</a>&nbsp;&nbsp;&nbsp;custs1_value_req_rsp_handler
</UL>

<P><STRONG><a name="[c4]"></a>ke_state_get</STRONG> (Thumb, 0 bytes, Stack size 0 bytes, da14531_symbols.txt(ABSOLUTE))
<BR><BR>[Called By]<UL><LI><a href="#[57]">&gt;&gt;</a>&nbsp;&nbsp;&nbsp;PATCHED_llc_data_ind_handler
<LI><a href="#[9c]">&gt;&gt;</a>&nbsp;&nbsp;&nbsp;JT_l2cc_pdu_recv_ind_handler_func
<LI><a href="#[3a]">&gt;&gt;</a>&nbsp;&nbsp;&nbsp;gapm_device_ready_ind_handler
<LI><a href="#[3e]">&gt;&gt;</a>&nbsp;&nbsp;&nbsp;gapc_disconnect_ind_handler
<LI><a href="#[3d]">&gt;&gt;</a>&nbsp;&nbsp;&nbsp;gapc_connection_req_ind_handler
<LI><a href="#[56]">&gt;&gt;</a>&nbsp;&nbsp;&nbsp;custs1_value_req_rsp_handler
<LI><a href="#[34]">&gt;&gt;</a>&nbsp;&nbsp;&nbsp;app_wakeup_cb
</UL>

<P><STRONG><a name="[139]"></a>ke_task_msg_flush</STRONG> (Thumb, 0 bytes, Stack size 0 bytes, da14531_symbols.txt(ABSOLUTE))
<BR><BR>[Called By]<UL><LI><a href="#[8f]">&gt;&gt;</a>&nbsp;&nbsp;&nbsp;prf_init_func
</UL>

<P><STRONG><a name="[7e]"></a>ke_timer_init_func</STRONG> (Thumb, 0 bytes, Stack size 0 bytes, da14531_symbols.txt(ABSOLUTE), UNUSED)
<BR>[Address Reference Count : 1]<UL><LI> lto-llvm-f19807.o(.rodata.rom_func_addr_table_var)
</UL>
<P><STRONG><a name="[10b]"></a>ke_timer_set</STRONG> (Thumb, 0 bytes, Stack size 0 bytes, da14531_symbols.txt(ABSOLUTE))
<BR><BR>[Called By]<UL><LI><a href="#[109]">&gt;&gt;</a>&nbsp;&nbsp;&nbsp;create_timer
<LI><a href="#[49]">&gt;&gt;</a>&nbsp;&nbsp;&nbsp;app_timer_api_process_handler
</UL>

<P><STRONG><a name="[d9]"></a>ke_timer_clear</STRONG> (Thumb, 0 bytes, Stack size 0 bytes, da14531_symbols.txt(ABSOLUTE))
<BR><BR>[Called By]<UL><LI><a href="#[59]">&gt;&gt;</a>&nbsp;&nbsp;&nbsp;PATCHED_llm_con_req_ind
<LI><a href="#[10a]">&gt;&gt;</a>&nbsp;&nbsp;&nbsp;app_easy_timer_cancel
</UL>

<P><STRONG><a name="[134]"></a>ke_timer_sleep_check</STRONG> (Thumb, 0 bytes, Stack size 0 bytes, da14531_symbols.txt(ABSOLUTE))
<BR><BR>[Called By]<UL><LI><a href="#[1e]">&gt;&gt;</a>&nbsp;&nbsp;&nbsp;main
</UL>

<P><STRONG><a name="[12f]"></a>rwip_schedule</STRONG> (Thumb, 0 bytes, Stack size 0 bytes, da14531_symbols.txt(ABSOLUTE))
<BR><BR>[Called By]<UL><LI><a href="#[1e]">&gt;&gt;</a>&nbsp;&nbsp;&nbsp;main
</UL>

<P><STRONG><a name="[14a]"></a>rwip_wakeup</STRONG> (Thumb, 0 bytes, Stack size 0 bytes, da14531_symbols.txt(ABSOLUTE))
<BR><BR>[Called By]<UL><LI><a href="#[7]">&gt;&gt;</a>&nbsp;&nbsp;&nbsp;rwble_isr
</UL>

<P><STRONG><a name="[14c]"></a>rwip_wakeup_end</STRONG> (Thumb, 0 bytes, Stack size 0 bytes, da14531_symbols.txt(ABSOLUTE))
<BR><BR>[Called By]<UL><LI><a href="#[7]">&gt;&gt;</a>&nbsp;&nbsp;&nbsp;rwble_isr
</UL>

<P><STRONG><a name="[14d]"></a>rwip_wakeup_delay_set</STRONG> (Thumb, 0 bytes, Stack size 0 bytes, da14531_symbols.txt(ABSOLUTE))
<BR><BR>[Called By]<UL><LI><a href="#[121]">&gt;&gt;</a>&nbsp;&nbsp;&nbsp;set_sleep_delay
</UL>

<P><STRONG><a name="[120]"></a>__aeabi_uidiv</STRONG> (Thumb, 0 bytes, Stack size 0 bytes, da14531_symbols.txt(ABSOLUTE))
<BR><BR>[Called By]<UL><LI><a href="#[38]">&gt;&gt;</a>&nbsp;&nbsp;&nbsp;user_app_pwm_callback_function
<LI><a href="#[121]">&gt;&gt;</a>&nbsp;&nbsp;&nbsp;set_sleep_delay
<LI><a href="#[31]">&gt;&gt;</a>&nbsp;&nbsp;&nbsp;rf_rssi_convert
<LI><a href="#[88]">&gt;&gt;</a>&nbsp;&nbsp;&nbsp;lld_sleep_us_2_lpcycles_sel_func
<LI><a href="#[86]">&gt;&gt;</a>&nbsp;&nbsp;&nbsp;lld_sleep_compensate_func
</UL>

<P><STRONG><a name="[153]"></a>__aeabi_uidivmod</STRONG> (Thumb, 0 bytes, Stack size 0 bytes, da14531_symbols.txt(ABSOLUTE))
<BR><BR>[Called By]<UL><LI><a href="#[38]">&gt;&gt;</a>&nbsp;&nbsp;&nbsp;user_app_pwm_callback_function
</UL>

<P><STRONG><a name="[132]"></a>__aeabi_idiv</STRONG> (Thumb, 0 bytes, Stack size 0 bytes, da14531_symbols.txt(ABSOLUTE))
<BR><BR>[Called By]<UL><LI><a href="#[1e]">&gt;&gt;</a>&nbsp;&nbsp;&nbsp;main
</UL>

<P><STRONG><a name="[122]"></a>__aeabi_lmul</STRONG> (Thumb, 0 bytes, Stack size 0 bytes, da14531_symbols.txt(ABSOLUTE))
<BR><BR>[Called By]<UL><LI><a href="#[1e]">&gt;&gt;</a>&nbsp;&nbsp;&nbsp;main
<LI><a href="#[11f]">&gt;&gt;</a>&nbsp;&nbsp;&nbsp;lld_sleep_lpcycles_2_us_rcx_func
</UL>

<P><STRONG><a name="[c3]"></a>__aeabi_memcpy</STRONG> (Thumb, 0 bytes, Stack size 0 bytes, da14531_symbols.txt(ABSOLUTE))
<BR><BR>[Called By]<UL><LI><a href="#[59]">&gt;&gt;</a>&nbsp;&nbsp;&nbsp;PATCHED_llm_con_req_ind
<LI><a href="#[5b]">&gt;&gt;</a>&nbsp;&nbsp;&nbsp;PATCHED_smpc_recv_public_key_exchange_pdu
<LI><a href="#[5a]">&gt;&gt;</a>&nbsp;&nbsp;&nbsp;PATCHED_smpc_recv_pair_rand_pdu
<LI><a href="#[99]">&gt;&gt;</a>&nbsp;&nbsp;&nbsp;JT_l2cc_pdu_unpack_func
<LI><a href="#[1e]">&gt;&gt;</a>&nbsp;&nbsp;&nbsp;main
<LI><a href="#[10c]">&gt;&gt;</a>&nbsp;&nbsp;&nbsp;user_app_adv_start
<LI><a href="#[65]">&gt;&gt;</a>&nbsp;&nbsp;&nbsp;rf_init_func
<LI><a href="#[fe]">&gt;&gt;</a>&nbsp;&nbsp;&nbsp;periph_init
<LI><a href="#[4f]">&gt;&gt;</a>&nbsp;&nbsp;&nbsp;gattc_write_req_ind_handler
<LI><a href="#[3f]">&gt;&gt;</a>&nbsp;&nbsp;&nbsp;gapc_get_dev_info_req_ind_handler
<LI><a href="#[3d]">&gt;&gt;</a>&nbsp;&nbsp;&nbsp;gapc_connection_req_ind_handler
<LI><a href="#[39]">&gt;&gt;</a>&nbsp;&nbsp;&nbsp;diss_value_req_ind_handler
<LI><a href="#[ba]">&gt;&gt;</a>&nbsp;&nbsp;&nbsp;default_app_on_set_dev_info
<LI><a href="#[b7]">&gt;&gt;</a>&nbsp;&nbsp;&nbsp;default_app_on_get_dev_name
<LI><a href="#[56]">&gt;&gt;</a>&nbsp;&nbsp;&nbsp;custs1_value_req_rsp_handler
<LI><a href="#[106]">&gt;&gt;</a>&nbsp;&nbsp;&nbsp;app_easy_gap_undirected_advertise_start_create_msg
<LI><a href="#[33]">&gt;&gt;</a>&nbsp;&nbsp;&nbsp;adv_data_update_timer_cb
</UL>

<P><STRONG><a name="[10e]"></a>__aeabi_memcpy4</STRONG> (Thumb, 0 bytes, Stack size 0 bytes, da14531_symbols.txt(ABSOLUTE))
<BR><BR>[Called By]<UL><LI><a href="#[b1]">&gt;&gt;</a>&nbsp;&nbsp;&nbsp;ble_init_arp_func
</UL>

<P><STRONG><a name="[105]"></a>__aeabi_memclr</STRONG> (Thumb, 0 bytes, Stack size 0 bytes, da14531_symbols.txt(ABSOLUTE))
<BR><BR>[Called By]<UL><LI><a href="#[3f]">&gt;&gt;</a>&nbsp;&nbsp;&nbsp;gapc_get_dev_info_req_ind_handler
<LI><a href="#[61]">&gt;&gt;</a>&nbsp;&nbsp;&nbsp;app_easy_gap_dev_configure
</UL>

<P><STRONG><a name="[126]"></a>__aeabi_memclr8</STRONG> (Thumb, 0 bytes, Stack size 0 bytes, da14531_symbols.txt(ABSOLUTE))
<BR><BR>[Called By]<UL><LI><a href="#[1e]">&gt;&gt;</a>&nbsp;&nbsp;&nbsp;main
</UL>

<P><STRONG><a name="[cb]"></a>memcmp</STRONG> (Thumb, 0 bytes, Stack size 0 bytes, da14531_symbols.txt(ABSOLUTE))
<BR><BR>[Called By]<UL><LI><a href="#[59]">&gt;&gt;</a>&nbsp;&nbsp;&nbsp;PATCHED_llm_con_req_ind
<LI><a href="#[5b]">&gt;&gt;</a>&nbsp;&nbsp;&nbsp;PATCHED_smpc_recv_public_key_exchange_pdu
<LI><a href="#[5a]">&gt;&gt;</a>&nbsp;&nbsp;&nbsp;PATCHED_smpc_recv_pair_rand_pdu
</UL>

<P><STRONG><a name="[f7]"></a>__aeabi_llsl</STRONG> (Thumb, 0 bytes, Stack size 0 bytes, da14531_symbols.txt(ABSOLUTE))
<BR><BR>[Called By]<UL><LI><a href="#[1e]">&gt;&gt;</a>&nbsp;&nbsp;&nbsp;main
<LI><a href="#[25]">&gt;&gt;</a>&nbsp;&nbsp;&nbsp;GPIO_ConfigurePin
</UL>

<P><STRONG><a name="[80]"></a>nvds_get_func</STRONG> (Thumb, 0 bytes, Stack size 0 bytes, da14531_symbols.txt(ABSOLUTE), UNUSED)
<BR>[Address Reference Count : 1]<UL><LI> lto-llvm-f19807.o(.rodata.rom_func_addr_table_var)
</UL>
<P><STRONG><a name="[83]"></a>nvds_init_func</STRONG> (Thumb, 0 bytes, Stack size 0 bytes, da14531_symbols.txt(ABSOLUTE), UNUSED)
<BR>[Address Reference Count : 1]<UL><LI> lto-llvm-f19807.o(.rodata.rom_func_addr_table_var)
</UL>
<P><STRONG><a name="[82]"></a>nvds_del_func</STRONG> (Thumb, 0 bytes, Stack size 0 bytes, da14531_symbols.txt(ABSOLUTE), UNUSED)
<BR>[Address Reference Count : 1]<UL><LI> lto-llvm-f19807.o(.rodata.rom_func_addr_table_var)
</UL>
<P><STRONG><a name="[81]"></a>nvds_put_func</STRONG> (Thumb, 0 bytes, Stack size 0 bytes, da14531_symbols.txt(ABSOLUTE), UNUSED)
<BR>[Address Reference Count : 1]<UL><LI> lto-llvm-f19807.o(.rodata.rom_func_addr_table_var)
</UL>
<P><STRONG><a name="[112]"></a>csprng_seed</STRONG> (Thumb, 0 bytes, Stack size 0 bytes, da14531_symbols.txt(ABSOLUTE))
<BR><BR>[Called By]<UL><LI><a href="#[1e]">&gt;&gt;</a>&nbsp;&nbsp;&nbsp;main
<LI><a href="#[ac]">&gt;&gt;</a>&nbsp;&nbsp;&nbsp;dia_srand_func
</UL>

<P><STRONG><a name="[111]"></a>csprng_get_next_uint32</STRONG> (Thumb, 0 bytes, Stack size 0 bytes, da14531_symbols.txt(ABSOLUTE))
<BR><BR>[Called By]<UL><LI><a href="#[ab]">&gt;&gt;</a>&nbsp;&nbsp;&nbsp;dia_rand_func
</UL>

<P><STRONG><a name="[128]"></a>trng_acquire</STRONG> (Thumb, 0 bytes, Stack size 0 bytes, da14531_symbols.txt(ABSOLUTE))
<BR><BR>[Called By]<UL><LI><a href="#[1e]">&gt;&gt;</a>&nbsp;&nbsp;&nbsp;main
</UL>

<P><STRONG><a name="[90]"></a>prf_add_profile_func</STRONG> (Thumb, 0 bytes, Stack size 0 bytes, da14531_symbols.txt(ABSOLUTE), UNUSED)
<BR>[Address Reference Count : 1]<UL><LI> lto-llvm-f19807.o(.rodata.rom_func_addr_table_var)
</UL>
<P><STRONG><a name="[92]"></a>prf_cleanup_func</STRONG> (Thumb, 0 bytes, Stack size 0 bytes, da14531_symbols.txt(ABSOLUTE), UNUSED)
<BR>[Address Reference Count : 1]<UL><LI> lto-llvm-f19807.o(.rodata.rom_func_addr_table_var)
</UL>
<P><STRONG><a name="[114]"></a>prf_env_get</STRONG> (Thumb, 0 bytes, Stack size 0 bytes, da14531_symbols.txt(ABSOLUTE))
<BR><BR>[Called By]<UL><LI><a href="#[4f]">&gt;&gt;</a>&nbsp;&nbsp;&nbsp;gattc_write_req_ind_handler
</UL>

<P><STRONG><a name="[11c]"></a>prf_dst_task_get</STRONG> (Thumb, 0 bytes, Stack size 0 bytes, da14531_symbols.txt(ABSOLUTE))
<BR><BR>[Called By]<UL><LI><a href="#[4f]">&gt;&gt;</a>&nbsp;&nbsp;&nbsp;gattc_write_req_ind_handler
</UL>

<P><STRONG><a name="[93]"></a>prf_get_id_from_task_func</STRONG> (Thumb, 0 bytes, Stack size 0 bytes, da14531_symbols.txt(ABSOLUTE), UNUSED)
<BR>[Address Reference Count : 1]<UL><LI> lto-llvm-f19807.o(.rodata.rom_func_addr_table_var)
</UL>
<P><STRONG><a name="[94]"></a>prf_get_task_from_id_func</STRONG> (Thumb, 0 bytes, Stack size 0 bytes, da14531_symbols.txt(ABSOLUTE), UNUSED)
<BR>[Address Reference Count : 1]<UL><LI> lto-llvm-f19807.o(.rodata.rom_func_addr_table_var)
</UL>
<P><STRONG><a name="[138]"></a>prf_itf_get</STRONG> (Thumb, 0 bytes, Stack size 0 bytes, da14531_symbols.txt(ABSOLUTE))
<BR><BR>[Called By]<UL><LI><a href="#[8f]">&gt;&gt;</a>&nbsp;&nbsp;&nbsp;prf_init_func
<LI><a href="#[91]">&gt;&gt;</a>&nbsp;&nbsp;&nbsp;prf_create_func
</UL>

<P><STRONG><a name="[5f]"></a>diss_prf_itf_get</STRONG> (Thumb, 0 bytes, Stack size 0 bytes, da14531_symbols.txt(ABSOLUTE), UNUSED)
<BR>[Address Reference Count : 1]<UL><LI> lto-llvm-f19807.o(.rodata.prf_if)
</UL>
<P><STRONG><a name="[118]"></a>check_client_char_cfg</STRONG> (Thumb, 0 bytes, Stack size 0 bytes, da14531_symbols.txt(ABSOLUTE))
<BR><BR>[Called By]<UL><LI><a href="#[4f]">&gt;&gt;</a>&nbsp;&nbsp;&nbsp;gattc_write_req_ind_handler
</UL>

<P><STRONG><a name="[116]"></a>get_value_handle</STRONG> (Thumb, 0 bytes, Stack size 0 bytes, da14531_symbols.txt(ABSOLUTE))
<BR><BR>[Called By]<UL><LI><a href="#[4f]">&gt;&gt;</a>&nbsp;&nbsp;&nbsp;gattc_write_req_ind_handler
</UL>

<P><STRONG><a name="[10f]"></a>custs1_get_att_handle</STRONG> (Thumb, 0 bytes, Stack size 0 bytes, da14531_symbols.txt(ABSOLUTE))
<BR><BR>[Called By]<UL><LI><a href="#[56]">&gt;&gt;</a>&nbsp;&nbsp;&nbsp;custs1_value_req_rsp_handler
</UL>

<P><STRONG><a name="[115]"></a>custs1_get_att_idx</STRONG> (Thumb, 0 bytes, Stack size 0 bytes, da14531_symbols.txt(ABSOLUTE))
<BR><BR>[Called By]<UL><LI><a href="#[4f]">&gt;&gt;</a>&nbsp;&nbsp;&nbsp;gattc_write_req_ind_handler
</UL>

<P><STRONG><a name="[60]"></a>custs1_prf_itf_get</STRONG> (Thumb, 0 bytes, Stack size 0 bytes, da14531_symbols.txt(ABSOLUTE), UNUSED)
<BR>[Address Reference Count : 1]<UL><LI> lto-llvm-f19807.o(.rodata.prf_if)
</UL>
<P><STRONG><a name="[119]"></a>custs1_set_ccc_value</STRONG> (Thumb, 0 bytes, Stack size 0 bytes, da14531_symbols.txt(ABSOLUTE))
<BR><BR>[Called By]<UL><LI><a href="#[4f]">&gt;&gt;</a>&nbsp;&nbsp;&nbsp;gattc_write_req_ind_handler
</UL>

<P><STRONG><a name="[51]"></a>gattc_cmp_evt_handler</STRONG> (Thumb, 0 bytes, Stack size 0 bytes, da14531_symbols.txt(ABSOLUTE), UNUSED)
<BR>[Address Reference Count : 1]<UL><LI> lto-llvm-f19807.o(.rodata.custs1_default_state)
</UL>
<P><STRONG><a name="[53]"></a>custs1_val_set_req_handler</STRONG> (Thumb, 0 bytes, Stack size 0 bytes, da14531_symbols.txt(ABSOLUTE), UNUSED)
<BR>[Address Reference Count : 1]<UL><LI> lto-llvm-f19807.o(.rodata.custs1_default_state)
</UL>
<P><STRONG><a name="[52]"></a>custs1_val_ntf_req_handler</STRONG> (Thumb, 0 bytes, Stack size 0 bytes, da14531_symbols.txt(ABSOLUTE), UNUSED)
<BR>[Address Reference Count : 1]<UL><LI> lto-llvm-f19807.o(.rodata.custs1_default_state)
</UL>
<P><STRONG><a name="[54]"></a>custs1_val_ind_req_handler</STRONG> (Thumb, 0 bytes, Stack size 0 bytes, da14531_symbols.txt(ABSOLUTE), UNUSED)
<BR>[Address Reference Count : 1]<UL><LI> lto-llvm-f19807.o(.rodata.custs1_default_state)
</UL>
<P><STRONG><a name="[55]"></a>custs1_att_info_rsp_handler</STRONG> (Thumb, 0 bytes, Stack size 0 bytes, da14531_symbols.txt(ABSOLUTE), UNUSED)
<BR>[Address Reference Count : 1]<UL><LI> lto-llvm-f19807.o(.rodata.custs1_default_state)
</UL>
<P><STRONG><a name="[4e]"></a>gattc_read_req_ind_handler</STRONG> (Thumb, 0 bytes, Stack size 0 bytes, da14531_symbols.txt(ABSOLUTE), UNUSED)
<BR>[Address Reference Count : 1]<UL><LI> lto-llvm-f19807.o(.rodata.custs1_default_state)
</UL>
<P><STRONG><a name="[50]"></a>gattc_att_info_req_ind_handler</STRONG> (Thumb, 0 bytes, Stack size 0 bytes, da14531_symbols.txt(ABSOLUTE), UNUSED)
<BR>[Address Reference Count : 1]<UL><LI> lto-llvm-f19807.o(.rodata.custs1_default_state)
</UL>
<P><STRONG><a name="[42]"></a>gapm_adv_report_ind_handler_ROM</STRONG> (Thumb, 0 bytes, Stack size 0 bytes, da14531_symbols.txt(ABSOLUTE), UNUSED)
<BR>[Address Reference Count : 1]<UL><LI> lto-llvm-f19807.o(.rodata.app_gap_process_handlers)
</UL>
<P><STRONG><a name="[47]"></a>gapc_security_ind_handler_ROM</STRONG> (Thumb, 0 bytes, Stack size 0 bytes, da14531_symbols.txt(ABSOLUTE), UNUSED)
<BR>[Address Reference Count : 1]<UL><LI> lto-llvm-f19807.o(.rodata.app_gap_process_handlers)
</UL>
<P><STRONG><a name="[40]"></a>gapc_set_dev_info_req_ind_handler_ROM</STRONG> (Thumb, 0 bytes, Stack size 0 bytes, da14531_symbols.txt(ABSOLUTE), UNUSED)
<BR>[Address Reference Count : 1]<UL><LI> lto-llvm-f19807.o(.rodata.app_gap_process_handlers)
</UL>
<P><STRONG><a name="[41]"></a>gapm_profile_added_ind_handler_ROM</STRONG> (Thumb, 0 bytes, Stack size 0 bytes, da14531_symbols.txt(ABSOLUTE), UNUSED)
<BR>[Address Reference Count : 1]<UL><LI> lto-llvm-f19807.o(.rodata.app_gap_process_handlers)
</UL>
<P><STRONG><a name="[43]"></a>gapc_param_update_req_ind_handler_ROM</STRONG> (Thumb, 0 bytes, Stack size 0 bytes, da14531_symbols.txt(ABSOLUTE), UNUSED)
<BR>[Address Reference Count : 1]<UL><LI> lto-llvm-f19807.o(.rodata.app_gap_process_handlers)
</UL>
<P><STRONG><a name="[44]"></a>gapc_le_pkt_size_ind_handler_ROM</STRONG> (Thumb, 0 bytes, Stack size 0 bytes, da14531_symbols.txt(ABSOLUTE), UNUSED)
<BR>[Address Reference Count : 1]<UL><LI> lto-llvm-f19807.o(.rodata.app_gap_process_handlers)
</UL>
<P><STRONG><a name="[45]"></a>gattc_svc_changed_cfg_ind_handler_ROM</STRONG> (Thumb, 0 bytes, Stack size 0 bytes, da14531_symbols.txt(ABSOLUTE), UNUSED)
<BR>[Address Reference Count : 1]<UL><LI> lto-llvm-f19807.o(.rodata.app_gap_process_handlers)
</UL>
<P><STRONG><a name="[46]"></a>gapc_peer_features_ind_handler_ROM</STRONG> (Thumb, 0 bytes, Stack size 0 bytes, da14531_symbols.txt(ABSOLUTE), UNUSED)
<BR>[Address Reference Count : 1]<UL><LI> lto-llvm-f19807.o(.rodata.app_gap_process_handlers)
</UL>
<P><STRONG><a name="[104]"></a>app_std_process_event</STRONG> (Thumb, 0 bytes, Stack size 0 bytes, da14531_symbols.txt(ABSOLUTE))
<BR><BR>[Called By]<UL><LI><a href="#[48]">&gt;&gt;</a>&nbsp;&nbsp;&nbsp;app_gap_process_handler
<LI><a href="#[4b]">&gt;&gt;</a>&nbsp;&nbsp;&nbsp;app_diss_process_handler
<LI><a href="#[4c]">&gt;&gt;</a>&nbsp;&nbsp;&nbsp;app_custs1_process_handler
</UL>

<P><STRONG><a name="[13a]"></a>__aeabi_uldivmod</STRONG> (Thumb, 0 bytes, Stack size 0 bytes, da14531_symbols.txt(ABSOLUTE))
<BR><BR>[Called By]<UL><LI><a href="#[12b]">&gt;&gt;</a>&nbsp;&nbsp;&nbsp;read_rcx_freq
</UL>

<P><STRONG><a name="[110]"></a>app_db_init_start</STRONG> (Thumb, 0 bytes, Stack size 0 bytes, da14531_symbols.txt(ABSOLUTE))
<BR><BR>[Called By]<UL><LI><a href="#[b4]">&gt;&gt;</a>&nbsp;&nbsp;&nbsp;default_app_on_set_dev_config_complete
</UL>

<P><STRONG><a name="[113]"></a>app_easy_gap_confirm</STRONG> (Thumb, 0 bytes, Stack size 0 bytes, da14531_symbols.txt(ABSOLUTE))
<BR><BR>[Called By]<UL><LI><a href="#[3d]">&gt;&gt;</a>&nbsp;&nbsp;&nbsp;gapc_connection_req_ind_handler
</UL>

<P><STRONG><a name="[107]"></a>append_device_name</STRONG> (Thumb, 0 bytes, Stack size 0 bytes, da14531_symbols.txt(ABSOLUTE))
<BR><BR>[Called By]<UL><LI><a href="#[106]">&gt;&gt;</a>&nbsp;&nbsp;&nbsp;app_easy_gap_undirected_advertise_start_create_msg
</UL>

<P><STRONG><a name="[fc]"></a>app_easy_gap_update_adv_data</STRONG> (Thumb, 0 bytes, Stack size 0 bytes, da14531_symbols.txt(ABSOLUTE))
<BR><BR>[Called By]<UL><LI><a href="#[33]">&gt;&gt;</a>&nbsp;&nbsp;&nbsp;adv_data_update_timer_cb
</UL>

<P><STRONG><a name="[fd]"></a>app_easy_gap_advertise_stop</STRONG> (Thumb, 0 bytes, Stack size 0 bytes, da14531_symbols.txt(ABSOLUTE))
<BR><BR>[Called By]<UL><LI><a href="#[33]">&gt;&gt;</a>&nbsp;&nbsp;&nbsp;adv_data_update_timer_cb
</UL>

<P><STRONG><a name="[102]"></a>get_user_prf_srv_perm</STRONG> (Thumb, 0 bytes, Stack size 0 bytes, da14531_symbols.txt(ABSOLUTE))
<BR><BR>[Called By]<UL><LI><a href="#[62]">&gt;&gt;</a>&nbsp;&nbsp;&nbsp;app_db_init_next
<LI><a href="#[4d]">&gt;&gt;</a>&nbsp;&nbsp;&nbsp;app_custs1_create_db
</UL>

<P><STRONG><a name="[12d]"></a>prf_init_srv_perm</STRONG> (Thumb, 0 bytes, Stack size 0 bytes, da14531_symbols.txt(ABSOLUTE))
<BR><BR>[Called By]<UL><LI><a href="#[1e]">&gt;&gt;</a>&nbsp;&nbsp;&nbsp;main
</UL>

<P><STRONG><a name="[20]"></a>__main</STRONG> (Thumb, 0 bytes, Stack size unknown bytes, entry.o(.ARM.Collect$$$$00000000))
<BR>[Address Reference Count : 1]<UL><LI> startup_da14531.o(.text)
</UL>
<P><STRONG><a name="[154]"></a>_main_stk</STRONG> (Thumb, 0 bytes, Stack size unknown bytes, entry2.o(.ARM.Collect$$$$00000001))

<P><STRONG><a name="[bd]"></a>_main_scatterload</STRONG> (Thumb, 0 bytes, Stack size unknown bytes, entry5.o(.ARM.Collect$$$$00000004))
<BR><BR>[Calls]<UL><LI><a href="#[be]">&gt;&gt;</a>&nbsp;&nbsp;&nbsp;__scatterload
</UL>

<P><STRONG><a name="[f4]"></a>__main_after_scatterload</STRONG> (Thumb, 0 bytes, Stack size unknown bytes, entry5.o(.ARM.Collect$$$$00000004))
<BR><BR>[Called By]<UL><LI><a href="#[be]">&gt;&gt;</a>&nbsp;&nbsp;&nbsp;__scatterload
</UL>

<P><STRONG><a name="[155]"></a>_main_clock</STRONG> (Thumb, 0 bytes, Stack size unknown bytes, entry7b.o(.ARM.Collect$$$$00000008))

<P><STRONG><a name="[156]"></a>_main_cpp_init</STRONG> (Thumb, 0 bytes, Stack size unknown bytes, entry8b.o(.ARM.Collect$$$$0000000A))

<P><STRONG><a name="[157]"></a>_main_init</STRONG> (Thumb, 0 bytes, Stack size unknown bytes, entry9a.o(.ARM.Collect$$$$0000000B))

<P><STRONG><a name="[158]"></a>__rt_final_cpp</STRONG> (Thumb, 0 bytes, Stack size unknown bytes, entry10a.o(.ARM.Collect$$$$0000000D))

<P><STRONG><a name="[159]"></a>__rt_final_exit</STRONG> (Thumb, 0 bytes, Stack size unknown bytes, entry11a.o(.ARM.Collect$$$$0000000F))

<P><STRONG><a name="[0]"></a>Reset_Handler</STRONG> (Thumb, 8 bytes, Stack size 0 bytes, startup_da14531.o(.text))
<BR>[Address Reference Count : 1]<UL><LI> startup_da14531.o(RESET)
</UL>
<P><STRONG><a name="[3]"></a>SVC_Handler</STRONG> (Thumb, 2 bytes, Stack size 0 bytes, startup_da14531.o(.text))
<BR><BR>[Calls]<UL><LI><a href="#[3]">&gt;&gt;</a>&nbsp;&nbsp;&nbsp;SVC_Handler
</UL>
<BR>[Called By]<UL><LI><a href="#[3]">&gt;&gt;</a>&nbsp;&nbsp;&nbsp;SVC_Handler
</UL>
<BR>[Address Reference Count : 1]<UL><LI> startup_da14531.o(RESET)
</UL>
<P><STRONG><a name="[4]"></a>PendSV_Handler</STRONG> (Thumb, 2 bytes, Stack size 0 bytes, startup_da14531.o(.text))
<BR><BR>[Calls]<UL><LI><a href="#[4]">&gt;&gt;</a>&nbsp;&nbsp;&nbsp;PendSV_Handler
</UL>
<BR>[Called By]<UL><LI><a href="#[4]">&gt;&gt;</a>&nbsp;&nbsp;&nbsp;PendSV_Handler
</UL>
<BR>[Address Reference Count : 1]<UL><LI> startup_da14531.o(RESET)
</UL>
<P><STRONG><a name="[5]"></a>SysTick_Handler</STRONG> (Thumb, 2 bytes, Stack size 0 bytes, startup_da14531.o(.text))
<BR><BR>[Calls]<UL><LI><a href="#[5]">&gt;&gt;</a>&nbsp;&nbsp;&nbsp;SysTick_Handler
</UL>
<BR>[Called By]<UL><LI><a href="#[5]">&gt;&gt;</a>&nbsp;&nbsp;&nbsp;SysTick_Handler
</UL>
<BR>[Address Reference Count : 1]<UL><LI> startup_da14531.o(RESET)
</UL>
<P><STRONG><a name="[19]"></a>DMA_Handler</STRONG> (Thumb, 0 bytes, Stack size 0 bytes, startup_da14531.o(.text))
<BR><BR>[Calls]<UL><LI><a href="#[19]">&gt;&gt;</a>&nbsp;&nbsp;&nbsp;DMA_Handler
</UL>
<BR>[Called By]<UL><LI><a href="#[19]">&gt;&gt;</a>&nbsp;&nbsp;&nbsp;DMA_Handler
</UL>
<BR>[Address Reference Count : 1]<UL><LI> startup_da14531.o(RESET)
</UL>
<P><STRONG><a name="[d]"></a>KEYBRD_Handler</STRONG> (Thumb, 0 bytes, Stack size 0 bytes, startup_da14531.o(.text))
<BR>[Address Reference Count : 1]<UL><LI> startup_da14531.o(RESET)
</UL>
<P><STRONG><a name="[1b]"></a>RESERVED21_Handler</STRONG> (Thumb, 0 bytes, Stack size 0 bytes, startup_da14531.o(.text))
[...]
<BR><BR>[Stack]<UL><LI>Max Depth = 8<LI>Call Chain = mnf_data_update
</UL>
<BR>[Called By]<UL><LI><a href="#[b3]">&gt;&gt;</a>&nbsp;&nbsp;&nbsp;user_app_disconnect
<LI><a href="#[33]">&gt;&gt;</a>&nbsp;&nbsp;&nbsp;adv_data_update_timer_cb
</UL>

<P><STRONG><a name="[13d]"></a>otp_cs_load_pd_adpll</STRONG> (Thumb, 28 bytes, Stack size 0 bytes, lto-llvm-f19807.o(.text.otp_cs_load_pd_adpll))
<BR><BR>[Called By]<UL><LI><a href="#[66]">&gt;&gt;</a>&nbsp;&nbsp;&nbsp;rf_reinit_func
<LI><a href="#[131]">&gt;&gt;</a>&nbsp;&nbsp;&nbsp;rf_recalibration
<LI><a href="#[65]">&gt;&gt;</a>&nbsp;&nbsp;&nbsp;rf_init_func
</UL>

<P><STRONG><a name="[13c]"></a>otp_cs_load_pd_rad</STRONG> (Thumb, 28 bytes, Stack size 0 bytes, lto-llvm-f19807.o(.text.otp_cs_load_pd_rad))
<BR><BR>[Called By]<UL><LI><a href="#[66]">&gt;&gt;</a>&nbsp;&nbsp;&nbsp;rf_reinit_func
<LI><a href="#[65]">&gt;&gt;</a>&nbsp;&nbsp;&nbsp;rf_init_func
</UL>

<P><STRONG><a name="[37]"></a>param_update_request_timer_cb</STRONG> (Thumb, 84 bytes, Stack size 16 bytes, lto-llvm-f19807.o(.text.param_update_request_timer_cb))
<BR><BR>[Stack]<UL><LI>Max Depth = 16<LI>Call Chain = param_update_request_timer_cb
</UL>
<BR>[Calls]<UL><LI><a href="#[103]">&gt;&gt;</a>&nbsp;&nbsp;&nbsp;ke_msg_send
<LI><a href="#[101]">&gt;&gt;</a>&nbsp;&nbsp;&nbsp;ke_msg_alloc
</UL>
<BR>[Address Reference Count : 1]<UL><LI> lto-llvm-f19807.o(.text.user_app_connection)
</UL>
<P><STRONG><a name="[fe]"></a>periph_init</STRONG> (Thumb, 196 bytes, Stack size 24 bytes, lto-llvm-f19807.o(.text.periph_init))
<BR><BR>[Stack]<UL><LI>Max Depth = 24<LI>Call Chain = periph_init
</UL>
<BR>[Calls]<UL><LI><a href="#[137]">&gt;&gt;</a>&nbsp;&nbsp;&nbsp;patch_data1
<LI><a href="#[c3]">&gt;&gt;</a>&nbsp;&nbsp;&nbsp;__aeabi_memcpy
<LI><a href="#[f8]">&gt;&gt;</a>&nbsp;&nbsp;&nbsp;syscntl_dcdc_set_level
<LI><a href="#[11e]">&gt;&gt;</a>&nbsp;&nbsp;&nbsp;syscntl_dcdc_get_level
</UL>
<BR>[Called By]<UL><LI><a href="#[1e]">&gt;&gt;</a>&nbsp;&nbsp;&nbsp;main
<LI><a href="#[35]">&gt;&gt;</a>&nbsp;&nbsp;&nbsp;app_button_press_cb
</UL>

<P><STRONG><a name="[85]"></a>platform_reset_func</STRONG> (Thumb, 36 bytes, Stack size 0 bytes, lto-llvm-f19807.o(.text.platform_reset_func))
<BR>[Address Reference Count : 1]<UL><LI> lto-llvm-f19807.o(.rodata.rom_func_addr_table_var)
</UL>
<P><STRONG><a name="[91]"></a>prf_create_func</STRONG> (Thumb, 56 bytes, Stack size 24 bytes, lto-llvm-f19807.o(.text.prf_create_func))
<BR><BR>[Stack]<UL><LI>Max Depth = 24<LI>Call Chain = prf_create_func
</UL>
<BR>[Calls]<UL><LI><a href="#[138]">&gt;&gt;</a>&nbsp;&nbsp;&nbsp;prf_itf_get
</UL>
<BR>[Address Reference Count : 1]<UL><LI> lto-llvm-f19807.o(.rodata.rom_func_addr_table_var)
</UL>
<P><STRONG><a name="[8f]"></a>prf_init_func</STRONG> (Thumb, 100 bytes, Stack size 16 bytes, lto-llvm-f19807.o(.text.prf_init_func))
<BR><BR>[Stack]<UL><LI>Max Depth = 16<LI>Call Chain = prf_init_func
</UL>
<BR>[Calls]<UL><LI><a href="#[139]">&gt;&gt;</a>&nbsp;&nbsp;&nbsp;ke_task_msg_flush
<LI><a href="#[138]">&gt;&gt;</a>&nbsp;&nbsp;&nbsp;prf_itf_get
<LI><a href="#[12c]">&gt;&gt;</a>&nbsp;&nbsp;&nbsp;ke_task_create
</UL>
<BR>[Address Reference Count : 1]<UL><LI> lto-llvm-f19807.o(.rodata.rom_func_addr_table_var)
</UL>
<P><STRONG><a name="[12b]"></a>read_rcx_freq</STRONG> (Thumb, 92 bytes, Stack size 16 bytes, lto-llvm-f19807.o(.text.read_rcx_freq))
<BR><BR>[Stack]<UL><LI>Max Depth = 16<LI>Call Chain = read_rcx_freq
</UL>
<BR>[Calls]<UL><LI><a href="#[13a]">&gt;&gt;</a>&nbsp;&nbsp;&nbsp;__aeabi_uldivmod
</UL>
<BR>[Called By]<UL><LI><a href="#[1e]">&gt;&gt;</a>&nbsp;&nbsp;&nbsp;main
</UL>

<P><STRONG><a name="[13b]"></a>rf_adplldig_activate</STRONG> (Thumb, 24 bytes, Stack size 8 bytes, lto-llvm-f19807.o(.text.rf_adplldig_activate))
<BR><BR>[Stack]<UL><LI>Max Depth = 8<LI>Call Chain = rf_adplldig_activate
</UL>
<BR>[Calls]<UL><LI><a href="#[ec]">&gt;&gt;</a>&nbsp;&nbsp;&nbsp;arch_asm_delay_us
</UL>
<BR>[Called By]<UL><LI><a href="#[66]">&gt;&gt;</a>&nbsp;&nbsp;&nbsp;rf_reinit_func
<LI><a href="#[131]">&gt;&gt;</a>&nbsp;&nbsp;&nbsp;rf_recalibration
<LI><a href="#[65]">&gt;&gt;</a>&nbsp;&nbsp;&nbsp;rf_init_func
</UL>

<P><STRONG><a name="[32]"></a>rf_force_agc_enable</STRONG> (Thumb, 2 bytes, Stack size 0 bytes, lto-llvm-f19807.o(.text.rf_force_agc_enable))
<BR>[Address Reference Count : 1]<UL><LI> lto-llvm-f19807.o(.text.rf_init_func)
</UL>
<P><STRONG><a name="[65]"></a>rf_init_func</STRONG> (Thumb, 296 bytes, Stack size 64 bytes, lto-llvm-f19807.o(.text.rf_init_func))
<BR><BR>[Stack]<UL><LI>Max Depth = 176<LI>Call Chain = rf_init_func &rArr; rf_ldo_calibration &rArr; _ldo_radio_calibration
</UL>
<BR>[Calls]<UL><LI><a href="#[ed]">&gt;&gt;</a>&nbsp;&nbsp;&nbsp;rf_ldo_calibration
<LI><a href="#[c3]">&gt;&gt;</a>&nbsp;&nbsp;&nbsp;__aeabi_memcpy
<LI><a href="#[ef]">&gt;&gt;</a>&nbsp;&nbsp;&nbsp;rf_calibration
<LI><a href="#[13f]">&gt;&gt;</a>&nbsp;&nbsp;&nbsp;update_radiopwrupdn_pref_setting
<LI><a href="#[13e]">&gt;&gt;</a>&nbsp;&nbsp;&nbsp;set_recommended_settings
<LI><a href="#[140]">&gt;&gt;</a>&nbsp;&nbsp;&nbsp;rf_regs
<LI><a href="#[13b]">&gt;&gt;</a>&nbsp;&nbsp;&nbsp;rf_adplldig_activate
<LI><a href="#[13c]">&gt;&gt;</a>&nbsp;&nbsp;&nbsp;otp_cs_load_pd_rad
<LI><a href="#[13d]">&gt;&gt;</a>&nbsp;&nbsp;&nbsp;otp_cs_load_pd_adpll
<LI><a href="#[142]">&gt;&gt;</a>&nbsp;&nbsp;&nbsp;ble_update_arp_adpll_div_val
<LI><a href="#[141]">&gt;&gt;</a>&nbsp;&nbsp;&nbsp;ble_update_arp_adpll_calib_vals
</UL>
<BR>[Address Reference Count : 1]<UL><LI> lto-llvm-f19807.o(.rodata.rom_func_addr_table_var)
</UL>
<P><STRONG><a name="[131]"></a>rf_recalibration</STRONG> (Thumb, 44 bytes, Stack size 8 bytes, lto-llvm-f19807.o(.text.rf_recalibration))
<BR><BR>[Stack]<UL><LI>Max Depth = 120<LI>Call Chain = rf_recalibration &rArr; rf_ldo_calibration &rArr; _ldo_radio_calibration
</UL>
<BR>[Calls]<UL><LI><a href="#[ed]">&gt;&gt;</a>&nbsp;&nbsp;&nbsp;rf_ldo_calibration
<LI><a href="#[13f]">&gt;&gt;</a>&nbsp;&nbsp;&nbsp;update_radiopwrupdn_pref_setting
<LI><a href="#[13e]">&gt;&gt;</a>&nbsp;&nbsp;&nbsp;set_recommended_settings
<LI><a href="#[13b]">&gt;&gt;</a>&nbsp;&nbsp;&nbsp;rf_adplldig_activate
<LI><a href="#[13d]">&gt;&gt;</a>&nbsp;&nbsp;&nbsp;otp_cs_load_pd_adpll
<LI><a href="#[141]">&gt;&gt;</a>&nbsp;&nbsp;&nbsp;ble_update_arp_adpll_calib_vals
</UL>
<BR>[Called By]<UL><LI><a href="#[1e]">&gt;&gt;</a>&nbsp;&nbsp;&nbsp;main
</UL>

<P><STRONG><a name="[2c]"></a>rf_reg_rd</STRONG> (Thumb, 4 bytes, Stack size 0 bytes, lto-llvm-f19807.o(.text.rf_reg_rd))
<BR>[Address Reference Count : 1]<UL><LI> lto-llvm-f19807.o(.text.rf_init_func)
</UL>
<P><STRONG><a name="[2b]"></a>rf_reg_wr</STRONG> (Thumb, 2 bytes, Stack size 0 bytes, lto-llvm-f19807.o(.text.rf_reg_wr))
<BR>[Address Reference Count : 1]<UL><LI> lto-llvm-f19807.o(.text.rf_init_func)
</UL>
<P><STRONG><a name="[140]"></a>rf_regs</STRONG> (Thumb, 72 bytes, Stack size 0 bytes, lto-llvm-f19807.o(.text.rf_regs))
<BR><BR>[Called By]<UL><LI><a href="#[66]">&gt;&gt;</a>&nbsp;&nbsp;&nbsp;rf_reinit_func
<LI><a href="#[65]">&gt;&gt;</a>&nbsp;&nbsp;&nbsp;rf_init_func
</UL>

<P><STRONG><a name="[66]"></a>rf_reinit_func</STRONG> (Thumb, 92 bytes, Stack size 8 bytes, lto-llvm-f19807.o(.text.rf_reinit_func))
<BR><BR>[Stack]<UL><LI>Max Depth = 36<LI>Call Chain = rf_reinit_func &rArr; set_recommended_settings
</UL>
<BR>[Calls]<UL><LI><a href="#[12e]">&gt;&gt;</a>&nbsp;&nbsp;&nbsp;enable_rf_diag_irq
<LI><a href="#[13f]">&gt;&gt;</a>&nbsp;&nbsp;&nbsp;update_radiopwrupdn_pref_setting
<LI><a href="#[13e]">&gt;&gt;</a>&nbsp;&nbsp;&nbsp;set_recommended_settings
<LI><a href="#[140]">&gt;&gt;</a>&nbsp;&nbsp;&nbsp;rf_regs
<LI><a href="#[13b]">&gt;&gt;</a>&nbsp;&nbsp;&nbsp;rf_adplldig_activate
<LI><a href="#[13c]">&gt;&gt;</a>&nbsp;&nbsp;&nbsp;otp_cs_load_pd_rad
<LI><a href="#[13d]">&gt;&gt;</a>&nbsp;&nbsp;&nbsp;otp_cs_load_pd_adpll
<LI><a href="#[142]">&gt;&gt;</a>&nbsp;&nbsp;&nbsp;ble_update_arp_adpll_div_val
</UL>
<BR>[Address Reference Count : 1]<UL><LI> lto-llvm-f19807.o(.rodata.rom_func_addr_table_var)
</UL>
<P><STRONG><a name="[30]"></a>rf_reset</STRONG> (Thumb, 2 bytes, Stack size 0 bytes, lto-llvm-f19807.o(.text.rf_reset))
<BR>[Address Reference Count : 1]<UL><LI> lto-llvm-f19807.o(.text.rf_init_func)
</UL>
<P><STRONG><a name="[31]"></a>rf_rssi_convert</STRONG> (Thumb, 38 bytes, Stack size 8 bytes, lto-llvm-f19807.o(.text.rf_rssi_convert))
<BR><BR>[Stack]<UL><LI>Max Depth = 8<LI>Call Chain = rf_rssi_convert
</UL>
<BR>[Calls]<UL><LI><a href="#[120]">&gt;&gt;</a>&nbsp;&nbsp;&nbsp;__aeabi_uidiv
</UL>
<BR>[Address Reference Count : 1]<UL><LI> lto-llvm-f19807.o(.text.rf_init_func)
</UL>
<P><STRONG><a name="[2e]"></a>rf_sleep</STRONG> (Thumb, 32 bytes, Stack size 0 bytes, lto-llvm-f19807.o(.text.rf_sleep))
<BR>[Address Reference Count : 1]<UL><LI> lto-llvm-f19807.o(.text.rf_init_func)
</UL>
<P><STRONG><a name="[2d]"></a>rf_txpwr_dbm_get</STRONG> (Thumb, 44 bytes, Stack size 0 bytes, lto-llvm-f19807.o(.text.rf_txpwr_dbm_get))
<BR>[Address Reference Count : 1]<UL><LI> lto-llvm-f19807.o(.text.rf_init_func)
</UL>
<P><STRONG><a name="[13e]"></a>set_recommended_settings</STRONG> (Thumb, 512 bytes, Stack size 28 bytes, lto-llvm-f19807.o(.text.set_recommended_settings))
<BR><BR>[Stack]<UL><LI>Max Depth = 28<LI>Call Chain = set_recommended_settings
</UL>
<BR>[Called By]<UL><LI><a href="#[66]">&gt;&gt;</a>&nbsp;&nbsp;&nbsp;rf_reinit_func
<LI><a href="#[131]">&gt;&gt;</a>&nbsp;&nbsp;&nbsp;rf_recalibration
<LI><a href="#[65]">&gt;&gt;</a>&nbsp;&nbsp;&nbsp;rf_init_func
</UL>

<P><STRONG><a name="[121]"></a>set_sleep_delay</STRONG> (Thumb, 112 bytes, Stack size 24 bytes, lto-llvm-f19807.o(.text.set_sleep_delay))
<BR><BR>[Stack]<UL><LI>Max Depth = 32<LI>Call Chain = set_sleep_delay &rArr; lld_sleep_lpcycles_2_us_rcx_func
</UL>
<BR>[Calls]<UL><LI><a href="#[14d]">&gt;&gt;</a>&nbsp;&nbsp;&nbsp;rwip_wakeup_delay_set
<LI><a href="#[120]">&gt;&gt;</a>&nbsp;&nbsp;&nbsp;__aeabi_uidiv
<LI><a href="#[11f]">&gt;&gt;</a>&nbsp;&nbsp;&nbsp;lld_sleep_lpcycles_2_us_rcx_func
</UL>
<BR>[Called By]<UL><LI><a href="#[1e]">&gt;&gt;</a>&nbsp;&nbsp;&nbsp;main
<LI><a href="#[87]">&gt;&gt;</a>&nbsp;&nbsp;&nbsp;lld_sleep_init_func
</UL>

<P><STRONG><a name="[b0]"></a>smpm_ecdh_key_create_empty_func</STRONG> (Thumb, 2 bytes, Stack size 0 bytes, lto-llvm-f19807.o(.text.smpm_ecdh_key_create_empty_func))
<BR>[Address Reference Count : 1]<UL><LI> lto-llvm-f19807.o(.rodata.rom_func_addr_table_var)
</UL>
<P><STRONG><a name="[11e]"></a>syscntl_dcdc_get_level</STRONG> (Thumb, 24 bytes, Stack size 0 bytes, lto-llvm-f19807.o(.text.syscntl_dcdc_get_level))
<BR><BR>[Called By]<UL><LI><a href="#[1e]">&gt;&gt;</a>&nbsp;&nbsp;&nbsp;main
<LI><a href="#[fe]">&gt;&gt;</a>&nbsp;&nbsp;&nbsp;periph_init
<LI><a href="#[11d]">&gt;&gt;</a>&nbsp;&nbsp;&nbsp;hw_otpc_init
</UL>

<P><STRONG><a name="[f8]"></a>syscntl_dcdc_set_level</STRONG> (Thumb, 44 bytes, Stack size 0 bytes, lto-llvm-f19807.o(.text.syscntl_dcdc_set_level))
<BR><BR>[Called By]<UL><LI><a href="#[1e]">&gt;&gt;</a>&nbsp;&nbsp;&nbsp;main
<LI><a href="#[21]">&gt;&gt;</a>&nbsp;&nbsp;&nbsp;NMI_HandlerC
<LI><a href="#[22]">&gt;&gt;</a>&nbsp;&nbsp;&nbsp;HardFault_HandlerC
<LI><a href="#[fe]">&gt;&gt;</a>&nbsp;&nbsp;&nbsp;periph_init
</UL>

<P><STRONG><a name="[24]"></a>timer_canceled_handler</STRONG> (Thumb, 2 bytes, Stack size 0 bytes, lto-llvm-f19807.o(.text.timer_canceled_handler))
<BR>[Address Reference Count : 1]<UL><LI> lto-llvm-f19807.o(.text.app_timer_api_process_handler)
</UL>
<P><STRONG><a name="[23]"></a>timer_modified_handler</STRONG> (Thumb, 2 bytes, Stack size 0 bytes, lto-llvm-f19807.o(.text.timer_modified_handler))
<BR>[Address Reference Count : 1]<UL><LI> lto-llvm-f19807.o(.text.app_timer_api_process_handler)
</UL>
<P><STRONG><a name="[f9]"></a>uart_rx_isr</STRONG> (Thumb, 16 bytes, Stack size 0 bytes, lto-llvm-f19807.o(.text.uart_rx_isr))
<BR><BR>[Called By]<UL><LI><a href="#[9]">&gt;&gt;</a>&nbsp;&nbsp;&nbsp;UART2_Handler
</UL>

<P><STRONG><a name="[13f]"></a>update_radiopwrupdn_pref_setting</STRONG> (Thumb, 52 bytes, Stack size 4 bytes, lto-llvm-f19807.o(.text.update_radiopwrupdn_pref_setting))
<BR><BR>[Stack]<UL><LI>Max Depth = 4<LI>Call Chain = update_radiopwrupdn_pref_setting
</UL>
<BR>[Called By]<UL><LI><a href="#[66]">&gt;&gt;</a>&nbsp;&nbsp;&nbsp;rf_reinit_func
<LI><a href="#[131]">&gt;&gt;</a>&nbsp;&nbsp;&nbsp;rf_recalibration
<LI><a href="#[65]">&gt;&gt;</a>&nbsp;&nbsp;&nbsp;rf_init_func
</UL>

<P><STRONG><a name="[10c]"></a>user_app_adv_start</STRONG> (Thumb, 212 bytes, Stack size 24 bytes, lto-llvm-f19807.o(.text.user_app_adv_start))
<BR><BR>[Stack]<UL><LI>Max Depth = 56<LI>Call Chain = user_app_adv_start &rArr; app_easy_timer &rArr; create_timer
</UL>
<BR>[Calls]<UL><LI><a href="#[103]">&gt;&gt;</a>&nbsp;&nbsp;&nbsp;ke_msg_send
<LI><a href="#[da]">&gt;&gt;</a>&nbsp;&nbsp;&nbsp;ke_state_set
<LI><a href="#[c3]">&gt;&gt;</a>&nbsp;&nbsp;&nbsp;__aeabi_memcpy
<LI><a href="#[108]">&gt;&gt;</a>&nbsp;&nbsp;&nbsp;app_easy_timer
<LI><a href="#[106]">&gt;&gt;</a>&nbsp;&nbsp;&nbsp;app_easy_gap_undirected_advertise_start_create_msg
</UL>
<BR>[Called By]<UL><LI><a href="#[b3]">&gt;&gt;</a>&nbsp;&nbsp;&nbsp;user_app_disconnect
<LI><a href="#[b2]">&gt;&gt;</a>&nbsp;&nbsp;&nbsp;user_app_connection
<LI><a href="#[b4]">&gt;&gt;</a>&nbsp;&nbsp;&nbsp;default_app_on_set_dev_config_complete
<LI><a href="#[b6]">&gt;&gt;</a>&nbsp;&nbsp;&nbsp;default_app_on_db_init_complete
<LI><a href="#[34]">&gt;&gt;</a>&nbsp;&nbsp;&nbsp;app_wakeup_cb
</UL>

<P><STRONG><a name="[b5]"></a>user_app_adv_undirect_complete</STRONG> (Thumb, 132 bytes, Stack size 8 bytes, lto-llvm-f19807.o(.text.user_app_adv_undirect_complete))
<BR><BR>[Stack]<UL><LI>Max Depth = 16<LI>Call Chain = user_app_adv_undirect_complete &rArr; wkupct_enable_irq
</UL>
<BR>[Calls]<UL><LI><a href="#[14e]">&gt;&gt;</a>&nbsp;&nbsp;&nbsp;wkupct_enable_irq
</UL>
<BR>[Called By]<UL><LI><a href="#[3b]">&gt;&gt;</a>&nbsp;&nbsp;&nbsp;gapm_cmp_evt_handler
</UL>
<BR>[Address Reference Count : 1]<UL><LI> lto-llvm-f19807.o(.rodata.user_app_callbacks)
</UL>
<P><STRONG><a name="[36]"></a>user_app_button_press_cb</STRONG> (Thumb, 100 bytes, Stack size 16 bytes, lto-llvm-f19807.o(.text.user_app_button_press_cb))
<BR><BR>[Stack]<UL><LI>Max Depth = 24<LI>Call Chain = user_app_button_press_cb &rArr; wkupct_enable_irq
</UL>
<BR>[Calls]<UL><LI><a href="#[14f]">&gt;&gt;</a>&nbsp;&nbsp;&nbsp;prf_get_task_from_id
<LI><a href="#[103]">&gt;&gt;</a>&nbsp;&nbsp;&nbsp;ke_msg_send
<LI><a href="#[101]">&gt;&gt;</a>&nbsp;&nbsp;&nbsp;ke_msg_alloc
<LI><a href="#[14e]">&gt;&gt;</a>&nbsp;&nbsp;&nbsp;wkupct_enable_irq
</UL>
<BR>[Called By]<UL><LI><a href="#[b2]">&gt;&gt;</a>&nbsp;&nbsp;&nbsp;user_app_connection
</UL>
<BR>[Address Reference Count : 1]<UL><LI> lto-llvm-f19807.o(.text.user_app_button_press_cb)
</UL>
<P><STRONG><a name="[b2]"></a>user_app_connection</STRONG> (Thumb, 156 bytes, Stack size 24 bytes, lto-llvm-f19807.o(.text.user_app_connection))
<BR><BR>[Stack]<UL><LI>Max Depth = 104<LI>Call Chain = user_app_connection &rArr; user_app_get_adc_val &rArr; adc_init
</UL>
<BR>[Calls]<UL><LI><a href="#[150]">&gt;&gt;</a>&nbsp;&nbsp;&nbsp;user_app_get_adc_val
<LI><a href="#[36]">&gt;&gt;</a>&nbsp;&nbsp;&nbsp;user_app_button_press_cb
<LI><a href="#[10c]">&gt;&gt;</a>&nbsp;&nbsp;&nbsp;user_app_adv_start
<LI><a href="#[10a]">&gt;&gt;</a>&nbsp;&nbsp;&nbsp;app_easy_timer_cancel
<LI><a href="#[108]">&gt;&gt;</a>&nbsp;&nbsp;&nbsp;app_easy_timer
</UL>
<BR>[Called By]<UL><LI><a href="#[3d]">&gt;&gt;</a>&nbsp;&nbsp;&nbsp;gapc_connection_req_ind_handler
</UL>
<BR>[Address Reference Count : 1]<UL><LI> lto-llvm-f19807.o(.rodata.user_app_callbacks)
</UL>
<P><STRONG><a name="[151]"></a>user_app_disable_pwm</STRONG> (Thumb, 128 bytes, Stack size 0 bytes, lto-llvm-f19807.o(.text.user_app_disable_pwm))
<BR><BR>[Called By]<UL><LI><a href="#[63]">&gt;&gt;</a>&nbsp;&nbsp;&nbsp;user_catch_rest_hndl
<LI><a href="#[b3]">&gt;&gt;</a>&nbsp;&nbsp;&nbsp;user_app_disconnect
</UL>

<P><STRONG><a name="[b3]"></a>user_app_disconnect</STRONG> (Thumb, 96 bytes, Stack size 8 bytes, lto-llvm-f19807.o(.text.user_app_disconnect))
<BR><BR>[Stack]<UL><LI>Max Depth = 64<LI>Call Chain = user_app_disconnect &rArr; user_app_adv_start &rArr; app_easy_timer &rArr; create_timer
</UL>
<BR>[Calls]<UL><LI><a href="#[151]">&gt;&gt;</a>&nbsp;&nbsp;&nbsp;user_app_disable_pwm
<LI><a href="#[10c]">&gt;&gt;</a>&nbsp;&nbsp;&nbsp;user_app_adv_start
<LI><a href="#[fb]">&gt;&gt;</a>&nbsp;&nbsp;&nbsp;mnf_data_update
<LI><a href="#[10a]">&gt;&gt;</a>&nbsp;&nbsp;&nbsp;app_easy_timer_cancel
</UL>
<BR>[Called By]<UL><LI><a href="#[3e]">&gt;&gt;</a>&nbsp;&nbsp;&nbsp;gapc_disconnect_ind_handler
</UL>
<BR>[Address Reference Count : 1]<UL><LI> lto-llvm-f19807.o(.rodata.user_app_callbacks)
</UL>
<P><STRONG><a name="[150]"></a>user_app_get_adc_val</STRONG> (Thumb, 356 bytes, Stack size 48 bytes, lto-llvm-f19807.o(.text.user_app_get_adc_val))
<BR><BR>[Stack]<UL><LI>Max Depth = 80<LI>Call Chain = user_app_get_adc_val &rArr; adc_init
</UL>
<BR>[Calls]<UL><LI><a href="#[14f]">&gt;&gt;</a>&nbsp;&nbsp;&nbsp;prf_get_task_from_id
<LI><a href="#[103]">&gt;&gt;</a>&nbsp;&nbsp;&nbsp;ke_msg_send
<LI><a href="#[101]">&gt;&gt;</a>&nbsp;&nbsp;&nbsp;ke_msg_alloc
<LI><a href="#[fa]">&gt;&gt;</a>&nbsp;&nbsp;&nbsp;adc_init
<LI><a href="#[152]">&gt;&gt;</a>&nbsp;&nbsp;&nbsp;adc_get_sample
</UL>
<BR>[Called By]<UL><LI><a href="#[63]">&gt;&gt;</a>&nbsp;&nbsp;&nbsp;user_catch_rest_hndl
<LI><a href="#[b2]">&gt;&gt;</a>&nbsp;&nbsp;&nbsp;user_app_connection
</UL>

<P><STRONG><a name="[38]"></a>user_app_pwm_callback_function</STRONG> (Thumb, 120 bytes, Stack size 24 bytes, lto-llvm-f19807.o(.text.user_app_pwm_callback_function))
<BR><BR>[Stack]<UL><LI>Max Depth = 24<LI>Call Chain = user_app_pwm_callback_function
</UL>
<BR>[Calls]<UL><LI><a href="#[153]">&gt;&gt;</a>&nbsp;&nbsp;&nbsp;__aeabi_uidivmod
<LI><a href="#[120]">&gt;&gt;</a>&nbsp;&nbsp;&nbsp;__aeabi_uidiv
</UL>
<BR>[Called By]<UL><LI><a href="#[15]">&gt;&gt;</a>&nbsp;&nbsp;&nbsp;SWTIM_Handler
</UL>
<BR>[Address Reference Count : 1]<UL><LI> lto-llvm-f19807.o(.text.user_catch_rest_hndl)
</UL>
<P><STRONG><a name="[63]"></a>user_catch_rest_hndl</STRONG> (Thumb, 260 bytes, Stack size 16 bytes, lto-llvm-f19807.o(.text.user_catch_rest_hndl))
<BR><BR>[Stack]<UL><LI>Max Depth = 96<LI>Call Chain = user_catch_rest_hndl &rArr; user_app_get_adc_val &rArr; adc_init
</UL>
<BR>[Calls]<UL><LI><a href="#[103]">&gt;&gt;</a>&nbsp;&nbsp;&nbsp;ke_msg_send
<LI><a href="#[101]">&gt;&gt;</a>&nbsp;&nbsp;&nbsp;ke_msg_alloc
<LI><a href="#[150]">&gt;&gt;</a>&nbsp;&nbsp;&nbsp;user_app_get_adc_val
<LI><a href="#[151]">&gt;&gt;</a>&nbsp;&nbsp;&nbsp;user_app_disable_pwm
</UL>
<BR>[Called By]<UL><LI><a href="#[3b]">&gt;&gt;</a>&nbsp;&nbsp;&nbsp;gapm_cmp_evt_handler
<LI><a href="#[3c]">&gt;&gt;</a>&nbsp;&nbsp;&nbsp;gapc_cmp_evt_handler
</UL>
<BR>[Address Reference Count : 1]<UL><LI> lto-llvm-f19807.o(.rodata.rom_app_task_cfg)
</UL>
<P><STRONG><a name="[14e]"></a>wkupct_enable_irq</STRONG> (Thumb, 88 bytes, Stack size 8 bytes, lto-llvm-f19807.o(.text.wkupct_enable_irq))
<BR><BR>[Stack]<UL><LI>Max Depth = 8<LI>Call Chain = wkupct_enable_irq
</UL>
<BR>[Called By]<UL><LI><a href="#[36]">&gt;&gt;</a>&nbsp;&nbsp;&nbsp;user_app_button_press_cb
<LI><a href="#[b5]">&gt;&gt;</a>&nbsp;&nbsp;&nbsp;user_app_adv_undirect_complete
</UL>
<P>
<H3>
Undefined Global Symbols
</H3>
<P><STRONG><a name="[123]"></a>reset_indication</STRONG> (Unknown, 0 bytes, Stack size 0 bytes, UNDEFINED)
<BR><BR>[Called By]<UL><LI><a href="#[1e]">&gt;&gt;</a>&nbsp;&nbsp;&nbsp;main
</UL>

<P><STRONG><a name="[124]"></a>sb_read_otp_header</STRONG> (Unknown, 0 bytes, Stack size 0 bytes, UNDEFINED)
<BR><BR>[Called By]<UL><LI><a href="#[1e]">&gt;&gt;</a>&nbsp;&nbsp;&nbsp;main
</UL>

<P><STRONG><a name="[125]"></a>sb_set_debugger_mode</STRONG> (Unknown, 0 bytes, Stack size 0 bytes, UNDEFINED)
<BR><BR>[Called By]<UL><LI><a href="#[1e]">&gt;&gt;</a>&nbsp;&nbsp;&nbsp;main
</UL>
<HR></body></html>
